Archive member included to satisfy reference by file (symbol)

C:/Users/merna/.pico-sdk/toolchain/13_3_Rel1/bin/../lib/gcc/arm-none-eabi/13.3.1/thumb/v6-m/nofp\libgcc.a(_dvmd_tls.o)
                              CMakeFiles/pico_w_webserver.dir/C_/Users/merna/.pico-sdk/sdk/2.1.0/src/rp2_common/pico_divider/divider_hardware.S.obj (__aeabi_idiv0)
C:/Users/merna/.pico-sdk/toolchain/13_3_Rel1/bin/../lib/gcc/arm-none-eabi/13.3.1/thumb/v6-m/nofp\libg.a(libc_a-atoi.o)
                              CMakeFiles/pico_w_webserver.dir/C_/Users/merna/.pico-sdk/sdk/2.1.0/lib/lwip/src/core/netif.c.obj (atoi)
C:/Users/merna/.pico-sdk/toolchain/13_3_Rel1/bin/../lib/gcc/arm-none-eabi/13.3.1/thumb/v6-m/nofp\libg.a(libc_a-calloc.o)
                              CMakeFiles/pico_w_webserver.dir/C_/Users/merna/.pico-sdk/sdk/2.1.0/src/rp2_common/pico_malloc/malloc.c.obj (calloc)
C:/Users/merna/.pico-sdk/toolchain/13_3_Rel1/bin/../lib/gcc/arm-none-eabi/13.3.1/thumb/v6-m/nofp\libg.a(libc_a-callocr.o)
                              C:/Users/merna/.pico-sdk/toolchain/13_3_Rel1/bin/../lib/gcc/arm-none-eabi/13.3.1/thumb/v6-m/nofp\libg.a(libc_a-calloc.o) (_calloc_r)
C:/Users/merna/.pico-sdk/toolchain/13_3_Rel1/bin/../lib/gcc/arm-none-eabi/13.3.1/thumb/v6-m/nofp\libg.a(libc_a-malloc.o)
                              CMakeFiles/pico_w_webserver.dir/C_/Users/merna/.pico-sdk/sdk/2.1.0/src/rp2_common/pico_malloc/malloc.c.obj (malloc)
C:/Users/merna/.pico-sdk/toolchain/13_3_Rel1/bin/../lib/gcc/arm-none-eabi/13.3.1/thumb/v6-m/nofp\libg.a(libc_a-mallocr.o)
                              C:/Users/merna/.pico-sdk/toolchain/13_3_Rel1/bin/../lib/gcc/arm-none-eabi/13.3.1/thumb/v6-m/nofp\libg.a(libc_a-callocr.o) (_malloc_r)
C:/Users/merna/.pico-sdk/toolchain/13_3_Rel1/bin/../lib/gcc/arm-none-eabi/13.3.1/thumb/v6-m/nofp\libg.a(libc_a-mlock.o)
                              C:/Users/merna/.pico-sdk/toolchain/13_3_Rel1/bin/../lib/gcc/arm-none-eabi/13.3.1/thumb/v6-m/nofp\libg.a(libc_a-mallocr.o) (__malloc_lock)
C:/Users/merna/.pico-sdk/toolchain/13_3_Rel1/bin/../lib/gcc/arm-none-eabi/13.3.1/thumb/v6-m/nofp\libg.a(libc_a-realloc.o)
                              CMakeFiles/pico_w_webserver.dir/C_/Users/merna/.pico-sdk/sdk/2.1.0/src/rp2_common/pico_malloc/malloc.c.obj (realloc)
C:/Users/merna/.pico-sdk/toolchain/13_3_Rel1/bin/../lib/gcc/arm-none-eabi/13.3.1/thumb/v6-m/nofp\libg.a(libc_a-reallocr.o)
                              C:/Users/merna/.pico-sdk/toolchain/13_3_Rel1/bin/../lib/gcc/arm-none-eabi/13.3.1/thumb/v6-m/nofp\libg.a(libc_a-realloc.o) (_realloc_r)
C:/Users/merna/.pico-sdk/toolchain/13_3_Rel1/bin/../lib/gcc/arm-none-eabi/13.3.1/thumb/v6-m/nofp\libg.a(libc_a-strtol.o)
                              C:/Users/merna/.pico-sdk/toolchain/13_3_Rel1/bin/../lib/gcc/arm-none-eabi/13.3.1/thumb/v6-m/nofp\libg.a(libc_a-atoi.o) (_strtol_r)
C:/Users/merna/.pico-sdk/toolchain/13_3_Rel1/bin/../lib/gcc/arm-none-eabi/13.3.1/thumb/v6-m/nofp\libg.a(libc_a-ctype_.o)
                              CMakeFiles/pico_w_webserver.dir/C_/Users/merna/.pico-sdk/sdk/2.1.0/lib/lwip/src/core/dns.c.obj (_ctype_)
C:/Users/merna/.pico-sdk/toolchain/13_3_Rel1/bin/../lib/gcc/arm-none-eabi/13.3.1/thumb/v6-m/nofp\libg.a(libc_a-memcmp.o)
                              CMakeFiles/pico_w_webserver.dir/C_/Users/merna/.pico-sdk/sdk/2.1.0/lib/lwip/src/netif/ethernet.c.obj (memcmp)
C:/Users/merna/.pico-sdk/toolchain/13_3_Rel1/bin/../lib/gcc/arm-none-eabi/13.3.1/thumb/v6-m/nofp\libg.a(libc_a-memmove.o)
                              CMakeFiles/pico_w_webserver.dir/C_/Users/merna/.pico-sdk/sdk/2.1.0/lib/lwip/src/core/def.c.obj (memmove)
C:/Users/merna/.pico-sdk/toolchain/13_3_Rel1/bin/../lib/gcc/arm-none-eabi/13.3.1/thumb/v6-m/nofp\libg.a(libc_a-strchr.o)
                              CMakeFiles/pico_w_webserver.dir/C_/Users/merna/.pico-sdk/sdk/2.1.0/lib/lwip/src/apps/http/httpd.c.obj (strchr)
C:/Users/merna/.pico-sdk/toolchain/13_3_Rel1/bin/../lib/gcc/arm-none-eabi/13.3.1/thumb/v6-m/nofp\libg.a(libc_a-strncmp.o)
                              CMakeFiles/pico_w_webserver.dir/C_/Users/merna/.pico-sdk/sdk/2.1.0/lib/lwip/src/core/def.c.obj (strncmp)
C:/Users/merna/.pico-sdk/toolchain/13_3_Rel1/bin/../lib/gcc/arm-none-eabi/13.3.1/thumb/v6-m/nofp\libg.a(libc_a-lcltime_r.o)
                              CMakeFiles/pico_w_webserver.dir/C_/Users/merna/.pico-sdk/sdk/2.1.0/src/common/pico_util/datetime.c.obj (localtime_r)
C:/Users/merna/.pico-sdk/toolchain/13_3_Rel1/bin/../lib/gcc/arm-none-eabi/13.3.1/thumb/v6-m/nofp\libg.a(libc_a-mktime.o)
                              CMakeFiles/pico_w_webserver.dir/C_/Users/merna/.pico-sdk/sdk/2.1.0/src/common/pico_util/datetime.c.obj (mktime)
C:/Users/merna/.pico-sdk/toolchain/13_3_Rel1/bin/../lib/gcc/arm-none-eabi/13.3.1/thumb/v6-m/nofp\libg.a(libc_a-month_lengths.o)
                              C:/Users/merna/.pico-sdk/toolchain/13_3_Rel1/bin/../lib/gcc/arm-none-eabi/13.3.1/thumb/v6-m/nofp\libg.a(libc_a-lcltime_r.o) (__month_lengths)
[...]
Memory Configuration

Name             Origin             Length             Attributes
FLASH            0x10000000         0x00200000         xr
RAM              0x20000000         0x00040000         xrw
SCRATCH_X        0x20040000         0x00001000         xrw
SCRATCH_Y        0x20041000         0x00001000         xrw
*default*        0x00000000         0xffffffff

Linker script and memory map

LOAD C:/Users/merna/.pico-sdk/toolchain/13_3_Rel1/bin/../lib/gcc/arm-none-eabi/13.3.1/thumb/v6-m/nofp/crti.o
LOAD C:/Users/merna/.pico-sdk/toolchain/13_3_Rel1/bin/../lib/gcc/arm-none-eabi/13.3.1/thumb/v6-m/nofp/crtbegin.o
LOAD C:/Users/merna/.pico-sdk/toolchain/13_3_Rel1/bin/../lib/gcc/arm-none-eabi/13.3.1/thumb/v6-m/nofp/crt0.o

.flash_begin    0x10000000        0x0
                0x10000000                        __flash_binary_start = .

.boot2          0x10000000      0x100
                0x10000000                        __boot2_start__ = .
 *(.boot2)
 .boot2         0x10000000      0x100 pico-sdk/src/rp2040/boot_stage2/CMakeFiles/bs2_default_library.dir/./bs2_default_padded_checksummed.S.obj
                0x10000100                        __boot2_end__ = .
                0x00000001                        ASSERT (((__boot2_end__ - __boot2_start__) == 0x100), ERROR: Pico second stage bootloader must be 256 bytes in size)

.text           0x10000100    0x17fcc
                0x10000100                        __logical_binary_start = .
 *(.vectors)
 .vectors       0x10000100       0xd4 CMakeFiles/pico_w_webserver.dir/C_/Users/merna/.pico-sdk/sdk/2.1.0/src/rp2_common/pico_crt0/crt0.S.obj
                0x10000100                __VECTOR_TABLE
                0x10000100                __vectors
                0x100001c0                isr_invalid
                0x100001c0                __default_isrs_start
                0x100001c2                isr_nmi
                0x100001c4                isr_hardfault
                0x100001c6                isr_svcall
                0x100001c8                isr_pendsv
                0x100001ca                isr_systick
                0x100001cc                isr_irq23
                0x100001cc                isr_irq18
                0x100001cc                isr_irq11
                0x100001cc                isr_irq28
                0x100001cc                isr_irq19
                0x100001cc                isr_irq0
                0x100001cc                isr_irq6
                0x100001cc                isr_irq5
                0x100001cc                isr_irq12
                0x100001cc                isr_irq22
                0x100001cc                isr_irq31
                0x100001cc                isr_irq17
                0x100001cc                isr_irq27
                0x100001cc                isr_irq30
                0x100001cc                isr_irq2
                0x100001cc                isr_irq10
                0x100001cc                isr_irq8
                0x100001cc                isr_irq24
                0x100001cc                isr_irq1
                0x100001cc                isr_irq7
                0x100001cc                isr_irq21
                0x100001cc                isr_irq20
                0x100001cc                isr_irq15
                0x100001cc                isr_irq25
                0x100001cc                isr_irq13
                0x100001cc                __unhandled_user_irq
                0x100001cc                isr_irq4
                0x100001cc                isr_irq16
                0x100001cc                isr_irq29
                0x100001cc                isr_irq26
                0x100001cc                __default_isrs_end
                0x100001cc                isr_irq3
                0x100001cc                isr_irq14
                0x100001cc                isr_irq9
                0x100001d2                unhandled_user_irq_num_in_r0
 *(.binary_info_header)
 .binary_info_header
                0x100001d4       0x14 CMakeFiles/pico_w_webserver.dir/C_/Users/merna/.pico-sdk/sdk/2.1.0/src/rp2_common/pico_crt0/crt0.S.obj
                0x100001e8                        __binary_info_header_end = .
 *(.embedded_block)
                0x100001e8                        __embedded_block_end = .
 *(.reset)
 .reset         0x100001e8       0x9c CMakeFiles/pico_w_webserver.dir/C_/Users/merna/.pico-sdk/sdk/2.1.0/src/rp2_common/pico_crt0/crt0.S.obj
                0x100001e8                _entry_point
 *(.init)
 .init          0x10000284        0x4 C:/Users/merna/.pico-sdk/toolchain/13_3_Rel1/bin/../lib/gcc/arm-none-eabi/13.3.1/thumb/v6-m/nofp/crti.o
                0x10000284                _init
 *(EXCLUDE_FILE(*libm.a: *libc.a:*lib_a-mem*.o *libgcc.a:) .text*)
 .text.register_tm_clones
                0x10000288       0x28 C:/Users/merna/.pico-sdk/toolchain/13_3_Rel1/bin/../lib/gcc/arm-none-eabi/13.3.1/thumb/v6-m/nofp/crtbegin.o
 .text.frame_dummy
                0x100002b0       0x24 C:/Users/merna/.pico-sdk/toolchain/13_3_Rel1/bin/../lib/gcc/arm-none-eabi/13.3.1/thumb/v6-m/nofp/crtbegin.o
 .text.adc_gpio_init
                0x100002d4       0x20 CMakeFiles/pico_w_webserver.dir/main.c.obj
 .text.cgi_led_handler
                0x100002f4       0x44 CMakeFiles/pico_w_webserver.dir/main.c.obj
                0x100002f4                cgi_led_handler
 .text.motor_init
                0x10000338       0xf8 CMakeFiles/pico_w_webserver.dir/main.c.obj
                0x10000338                motor_init
 .text.cgi_wheel_handler
                0x10000430      0x24c CMakeFiles/pico_w_webserver.dir/main.c.obj
                0x10000430                cgi_wheel_handler
 .text.motor_control_forward
                0x1000067c       0x88 CMakeFiles/pico_w_webserver.dir/main.c.obj
                0x1000067c                motor_control_forward
 .text.motor_control_left
                0x10000704       0x88 CMakeFiles/pico_w_webserver.dir/main.c.obj
                0x10000704                motor_control_left
 .text.motor_control_right
                0x1000078c       0x88 CMakeFiles/pico_w_webserver.dir/main.c.obj
                0x1000078c                motor_control_right
 .text.Water_LevelSensor_init
                0x10000814       0x40 CMakeFiles/pico_w_webserver.dir/main.c.obj
                0x10000814                Water_LevelSensor_init
 .text.servo_init
                0x10000854       0x38 CMakeFiles/pico_w_webserver.dir/main.c.obj
                0x10000854                servo_init
 .text.startup.main
                0x1000088c      0x384 CMakeFiles/pico_w_webserver.dir/main.c.obj
                0x1000088c                main
 .text.lwip_timeout_reached
                0x10000c10        0x8 CMakeFiles/pico_w_webserver.dir/C_/Users/merna/.pico-sdk/sdk/2.1.0/src/rp2_common/pico_lwip/lwip_nosys.c.obj
 .text.update_next_timeout
                0x10000c18       0x60 CMakeFiles/pico_w_webserver.dir/C_/Users/merna/.pico-sdk/sdk/2.1.0/src/rp2_common/pico_lwip/lwip_nosys.c.obj
 .text.lwip_nosys_init
                0x10000c78       0x30 CMakeFiles/pico_w_webserver.dir/C_/Users/merna/.pico-sdk/sdk/2.1.0/src/rp2_common/pico_lwip/lwip_nosys.c.obj
                0x10000c78                lwip_nosys_init
 .text.lwip_nosys_deinit
                0x10000ca8       0x20 CMakeFiles/pico_w_webserver.dir/C_/Users/merna/.pico-sdk/sdk/2.1.0/src/rp2_common/pico_lwip/lwip_nosys.c.obj
                0x10000ca8                lwip_nosys_deinit
 .text.sys_arch_protect
                0x10000cc8        0x4 CMakeFiles/pico_w_webserver.dir/C_/Users/merna/.pico-sdk/sdk/2.1.0/src/rp2_common/pico_lwip/lwip_nosys.c.obj
                0x10000cc8                sys_arch_protect
 .text.sys_arch_unprotect
                0x10000ccc        0x4 CMakeFiles/pico_w_webserver.dir/C_/Users/merna/.pico-sdk/sdk/2.1.0/src/rp2_common/pico_lwip/lwip_nosys.c.obj
                0x10000ccc                sys_arch_unprotect
 .text.sys_now  0x10000cd0       0x20 CMakeFiles/pico_w_webserver.dir/C_/Users/merna/.pico-sdk/sdk/2.1.0/src/rp2_common/pico_lwip/lwip_nosys.c.obj
                0x10000cd0                sys_now
 .text.async_context_base_add_at_time_worker
                0x10000cf0       0x24 CMakeFiles/pico_w_webserver.dir/C_/Users/merna/.pico-sdk/sdk/2.1.0/src/rp2_common/pico_async_context/async_context_base.c.obj
                0x10000cf0                async_context_base_add_at_time_worker
 .text.async_context_base_remove_at_time_worker
                0x10000d14       0x28 CMakeFiles/pico_w_webserver.dir/C_/Users/merna/.pico-sdk/sdk/2.1.0/src/rp2_common/pico_async_context/async_context_base.c.obj
                0x10000d14                async_context_base_remove_at_time_worker
 .text.async_context_base_add_when_pending_worker
                0x10000d3c       0x24 CMakeFiles/pico_w_webserver.dir/C_/Users/merna/.pico-sdk/sdk/2.1.0/src/rp2_common/pico_async_context/async_context_base.c.obj
                0x10000d3c                async_context_base_add_when_pending_worker
 .text.async_context_base_remove_when_pending_worker
                0x10000d60       0x28 CMakeFiles/pico_w_webserver.dir/C_/Users/merna/.pico-sdk/sdk/2.1.0/src/rp2_common/pico_async_context/async_context_base.c.obj
                0x10000d60                async_context_base_remove_when_pending_worker
 .text.async_context_base_execute_once
                0x10000d88      0x108 CMakeFiles/pico_w_webserver.dir/C_/Users/merna/.pico-sdk/sdk/2.1.0/src/rp2_common/pico_async_context/async_context_base.c.obj
                0x10000d88                async_context_base_execute_once
 .text.rp2040_chip_version
                0x10000e90        0xc CMakeFiles/pico_w_webserver.dir/C_/Users/merna/.pico-sdk/sdk/2.1.0/src/rp2040/pico_platform/platform.c.obj
                0x10000e90                rp2040_chip_version
 .text.panic    0x10000e9c       0x30 CMakeFiles/pico_w_webserver.dir/C_/Users/merna/.pico-sdk/sdk/2.1.0/src/rp2_common/pico_platform_panic/panic.c.obj
                0x10000e9c                panic
 .text.splitmix64
                0x10000ecc       0x58 CMakeFiles/pico_w_webserver.dir/C_/Users/merna/.pico-sdk/sdk/2.1.0/src/rp2_common/pico_rand/rand.c.obj
 .text.xoroshiro128ss
                0x10000f24       0x90 CMakeFiles/pico_w_webserver.dir/C_/Users/merna/.pico-sdk/sdk/2.1.0/src/rp2_common/pico_rand/rand.c.obj
 .text.get_rand_64
                0x10000fb4      0x4a4 CMakeFiles/pico_w_webserver.dir/C_/Users/merna/.pico-sdk/sdk/2.1.0/src/rp2_common/pico_rand/rand.c.obj
                0x10000fb4                get_rand_64
 .text.get_rand_32
                0x10001458        0x8 CMakeFiles/pico_w_webserver.dir/C_/Users/merna/.pico-sdk/sdk/2.1.0/src/rp2_common/pico_rand/rand.c.obj
                0x10001458                get_rand_32
 .text.startup._retrieve_unique_id_on_boot
                0x10001460       0x10 CMakeFiles/pico_w_webserver.dir/C_/Users/merna/.pico-sdk/sdk/2.1.0/src/rp2_common/pico_unique_id/unique_id.c.obj
 .text.pico_get_unique_board_id
                0x10001470       0x10 CMakeFiles/pico_w_webserver.dir/C_/Users/merna/.pico-sdk/sdk/2.1.0/src/rp2_common/pico_unique_id/unique_id.c.obj
                0x10001470                pico_get_unique_board_id
 .text.pico_get_unique_board_id_string
                0x10001480      0x1a8 CMakeFiles/pico_w_webserver.dir/C_/Users/merna/.pico-sdk/sdk/2.1.0/src/rp2_common/pico_unique_id/unique_id.c.obj
                0x10001480                pico_get_unique_board_id_string
 .text.flash_get_unique_id
                0x10001628       0x3c CMakeFiles/pico_w_webserver.dir/C_/Users/merna/.pico-sdk/sdk/2.1.0/src/rp2_common/hardware_flash/flash.c.obj
                0x10001628                flash_get_unique_id
 .text.hw_claim_lock
                0x10001664       0x18 CMakeFiles/pico_w_webserver.dir/C_/Users/merna/.pico-sdk/sdk/2.1.0/src/common/hardware_claim/claim.c.obj
                0x10001664                hw_claim_lock
 .text.hw_claim_unlock
                0x1000167c       0x14 CMakeFiles/pico_w_webserver.dir/C_/Users/merna/.pico-sdk/sdk/2.1.0/src/common/hardware_claim/claim.c.obj
                0x1000167c                hw_claim_unlock
 .text.hw_claim_or_assert
                0x10001690       0x44 CMakeFiles/pico_w_webserver.dir/C_/Users/merna/.pico-sdk/sdk/2.1.0/src/common/hardware_claim/claim.c.obj
                0x10001690                hw_claim_or_assert
 .text.hw_claim_unused_from_range
                0x100016d4       0x9c CMakeFiles/pico_w_webserver.dir/C_/Users/merna/.pico-sdk/sdk/2.1.0/src/common/hardware_claim/claim.c.obj
                0x100016d4                hw_claim_unused_from_range
 .text.hw_claim_clear
                0x10001770       0x38 CMakeFiles/pico_w_webserver.dir/C_/Users/merna/.pico-sdk/sdk/2.1.0/src/common/hardware_claim/claim.c.obj
                0x10001770                hw_claim_clear
 .text.next_striped_spin_lock_num
                0x100017a8       0x18 CMakeFiles/pico_w_webserver.dir/C_/Users/merna/.pico-sdk/sdk/2.1.0/src/rp2_common/hardware_sync/sync.c.obj
                0x100017a8                next_striped_spin_lock_num
 .text.spin_lock_claim_unused
                0x100017c0       0x24 CMakeFiles/pico_w_webserver.dir/C_/Users/merna/.pico-sdk/sdk/2.1.0/src/rp2_common/hardware_sync/sync.c.obj
                0x100017c0                spin_lock_claim_unused
 .text.spin_locks_reset
                0x100017e4       0x1c CMakeFiles/pico_w_webserver.dir/C_/Users/merna/.pico-sdk/sdk/2.1.0/src/rp2_common/hardware_sync_spin_lock/sync_spin_lock.c.obj
                0x100017e4                spin_locks_reset
 .text.rom_func_lookup
                0x10001800       0x10 CMakeFiles/pico_w_webserver.dir/C_/Users/merna/.pico-sdk/sdk/2.1.0/src/rp2_common/pico_bootrom/bootrom.c.obj
                0x10001800                rom_func_lookup
 .text.rom_data_lookup
                0x10001810       0x10 CMakeFiles/pico_w_webserver.dir/C_/Users/merna/.pico-sdk/sdk/2.1.0/src/rp2_common/pico_bootrom/bootrom.c.obj
                0x10001810                rom_data_lookup
 .text.rom_funcs_lookup
                0x10001820       0x44 CMakeFiles/pico_w_webserver.dir/C_/Users/merna/.pico-sdk/sdk/2.1.0/src/rp2_common/pico_bootrom/bootrom.c.obj
                0x10001820                rom_funcs_lookup
 .text.rom_reset_usb_boot_extra
                0x10001864       0x28 CMakeFiles/pico_w_webserver.dir/C_/Users/merna/.pico-sdk/sdk/2.1.0/src/rp2_common/pico_bootrom/bootrom.c.obj
                0x10001864                rom_reset_usb_boot_extra
 .text.sleep_until_callback
                0x1000188c       0x30 CMakeFiles/pico_w_webserver.dir/C_/Users/merna/.pico-sdk/sdk/2.1.0/src/common/pico_time/time.c.obj
 .text.alarm_pool_irq_handler
                0x100018bc      0x2fc CMakeFiles/pico_w_webserver.dir/C_/Users/merna/.pico-sdk/sdk/2.1.0/src/common/pico_time/time.c.obj
 .text.runtime_init_default_alarm_pool
                0x10001bb8       0xdc CMakeFiles/pico_w_webserver.dir/C_/Users/merna/.pico-sdk/sdk/2.1.0/src/common/pico_time/time.c.obj
                0x10001bb8                runtime_init_default_alarm_pool
 .text.alarm_pool_get_default
                0x10001c94        0x8 CMakeFiles/pico_w_webserver.dir/C_/Users/merna/.pico-sdk/sdk/2.1.0/src/common/pico_time/time.c.obj
                0x10001c94                alarm_pool_get_default
 .text.alarm_pool_add_alarm_at
                0x10001c9c       0xd4 CMakeFiles/pico_w_webserver.dir/C_/Users/merna/.pico-sdk/sdk/2.1.0/src/common/pico_time/time.c.obj
                0x10001c9c                alarm_pool_add_alarm_at
 .text.alarm_pool_add_alarm_at_force_in_context
                0x10001d70       0xb0 CMakeFiles/pico_w_webserver.dir/C_/Users/merna/.pico-sdk/sdk/2.1.0/src/common/pico_time/time.c.obj
                0x10001d70                alarm_pool_add_alarm_at_force_in_context
 .text.alarm_pool_cancel_alarm
                0x10001e20       0x74 CMakeFiles/pico_w_webserver.dir/C_/Users/merna/.pico-sdk/sdk/2.1.0/src/common/pico_time/time.c.obj
                0x10001e20                alarm_pool_cancel_alarm
 .text.alarm_pool_core_num
                0x10001e94        0x4 CMakeFiles/pico_w_webserver.dir/C_/Users/merna/.pico-sdk/sdk/2.1.0/src/common/pico_time/time.c.obj
                0x10001e94                alarm_pool_core_num
 .text.sleep_until
                0x10001e98       0xd8 CMakeFiles/pico_w_webserver.dir/C_/Users/merna/.pico-sdk/sdk/2.1.0/src/common/pico_time/time.c.obj
                0x10001e98                sleep_until
 .text.sleep_ms
                0x10001f70       0x38 CMakeFiles/pico_w_webserver.dir/C_/Users/merna/.pico-sdk/sdk/2.1.0/src/common/pico_time/time.c.obj
                0x10001f70                sleep_ms
 .text.best_effort_wfe_or_timeout
                0x10001fa8       0xe0 CMakeFiles/pico_w_webserver.dir/C_/Users/merna/.pico-sdk/sdk/2.1.0/src/common/pico_time/time.c.obj
                0x10001fa8                best_effort_wfe_or_timeout
 .text.timer_hardware_alarm_claim
                0x10002088       0x14 CMakeFiles/pico_w_webserver.dir/C_/Users/merna/.pico-sdk/sdk/2.1.0/src/rp2_common/hardware_timer/timer.c.obj
                0x10002088                timer_hardware_alarm_claim
 .text.timer_time_us_64
                0x1000209c       0x10 CMakeFiles/pico_w_webserver.dir/C_/Users/merna/.pico-sdk/sdk/2.1.0/src/rp2_common/hardware_timer/timer.c.obj
                0x1000209c                timer_time_us_64
 .text.time_us_64
                0x100020ac       0x14 CMakeFiles/pico_w_webserver.dir/C_/Users/merna/.pico-sdk/sdk/2.1.0/src/rp2_common/hardware_timer/timer.c.obj
                0x100020ac                time_us_64
 .text.busy_wait_until
                0x100020c0       0x20 CMakeFiles/pico_w_webserver.dir/C_/Users/merna/.pico-sdk/sdk/2.1.0/src/rp2_common/hardware_timer/timer.c.obj
                0x100020c0                busy_wait_until
 .text.runtime_init_per_core_irq_priorities
                0x100020e0       0x24 CMakeFiles/pico_w_webserver.dir/C_/Users/merna/.pico-sdk/sdk/2.1.0/src/rp2_common/hardware_irq/irq.c.obj
                0x100020e0                runtime_init_per_core_irq_priorities
 .text.irq_set_enabled
                0x10002104       0x24 CMakeFiles/pico_w_webserver.dir/C_/Users/merna/.pico-sdk/sdk/2.1.0/src/rp2_common/hardware_irq/irq.c.obj
                0x10002104                irq_set_enabled
 .text.irq_is_enabled
                0x10002128       0x18 CMakeFiles/pico_w_webserver.dir/C_/Users/merna/.pico-sdk/sdk/2.1.0/src/rp2_common/hardware_irq/irq.c.obj
                0x10002128                irq_is_enabled
 .text.irq_set_pending
                0x10002140       0x10 CMakeFiles/pico_w_webserver.dir/C_/Users/merna/.pico-sdk/sdk/2.1.0/src/rp2_common/hardware_irq/irq.c.obj
                0x10002140                irq_set_pending
 .text.irq_has_shared_handler
                0x10002150       0x2c CMakeFiles/pico_w_webserver.dir/C_/Users/merna/.pico-sdk/sdk/2.1.0/src/rp2_common/hardware_irq/irq.c.obj
                0x10002150                irq_has_shared_handler
 .text.irq_set_exclusive_handler
                0x1000217c       0x54 CMakeFiles/pico_w_webserver.dir/C_/Users/merna/.pico-sdk/sdk/2.1.0/src/rp2_common/hardware_irq/irq.c.obj
                0x1000217c                irq_set_exclusive_handler
 .text.irq_add_shared_handler
                0x100021d0      0x1f4 CMakeFiles/pico_w_webserver.dir/C_/Users/merna/.pico-sdk/sdk/2.1.0/src/rp2_common/hardware_irq/irq.c.obj
                0x100021d0                irq_add_shared_handler
 .text.irq_remove_handler
                0x100023c4      0x1d4 CMakeFiles/pico_w_webserver.dir/C_/Users/merna/.pico-sdk/sdk/2.1.0/src/rp2_common/hardware_irq/irq.c.obj
                0x100023c4                irq_remove_handler
 .text.irq_set_priority
                0x10002598       0x28 CMakeFiles/pico_w_webserver.dir/C_/Users/merna/.pico-sdk/sdk/2.1.0/src/rp2_common/hardware_irq/irq.c.obj
                0x10002598                irq_set_priority
 .text.irq_add_tail_to_free_list
                0x100025c0       0xb4 CMakeFiles/pico_w_webserver.dir/C_/Users/merna/.pico-sdk/sdk/2.1.0/src/rp2_common/hardware_irq/irq.c.obj
                0x100025c0                irq_add_tail_to_free_list
 .text.user_irq_unclaim
                0x10002674       0x14 CMakeFiles/pico_w_webserver.dir/C_/Users/merna/.pico-sdk/sdk/2.1.0/src/rp2_common/hardware_irq/irq.c.obj
                0x10002674                user_irq_unclaim
 .text.user_irq_claim_unused
                0x10002688       0x2c CMakeFiles/pico_w_webserver.dir/C_/Users/merna/.pico-sdk/sdk/2.1.0/src/rp2_common/hardware_irq/irq.c.obj
                0x10002688                user_irq_claim_unused
 .text.sem_init
                0x100026b4       0x20 CMakeFiles/pico_w_webserver.dir/C_/Users/merna/.pico-sdk/sdk/2.1.0/src/common/pico_sync/sem.c.obj
                0x100026b4                sem_init
 .text.lock_init
                0x100026d4       0x10 CMakeFiles/pico_w_webserver.dir/C_/Users/merna/.pico-sdk/sdk/2.1.0/src/common/pico_sync/lock_core.c.obj
                0x100026d4                lock_init
 .text.runtime_init_mutex
                0x100026e4       0x50 CMakeFiles/pico_w_webserver.dir/C_/Users/merna/.pico-sdk/sdk/2.1.0/src/common/pico_sync/mutex.c.obj
                0x100026e4                runtime_init_mutex
 .text.mutex_init
                0x10002734       0x1c CMakeFiles/pico_w_webserver.dir/C_/Users/merna/.pico-sdk/sdk/2.1.0/src/common/pico_sync/mutex.c.obj
                0x10002734                mutex_init
 .text.recursive_mutex_init
                0x10002750       0x1c CMakeFiles/pico_w_webserver.dir/C_/Users/merna/.pico-sdk/sdk/2.1.0/src/common/pico_sync/mutex.c.obj
                0x10002750                recursive_mutex_init
 .text.critical_section_init
                0x1000276c       0x1c CMakeFiles/pico_w_webserver.dir/C_/Users/merna/.pico-sdk/sdk/2.1.0/src/common/pico_sync/critical_section.c.obj
                0x1000276c                critical_section_init
 .text.critical_section_init_with_lock_num
                0x10002788       0x14 CMakeFiles/pico_w_webserver.dir/C_/Users/merna/.pico-sdk/sdk/2.1.0/src/common/pico_sync/critical_section.c.obj
                0x10002788                critical_section_init_with_lock_num
 .text.clock_configure_int_divider
                0x1000279c       0xf4 CMakeFiles/pico_w_webserver.dir/C_/Users/merna/.pico-sdk/sdk/2.1.0/src/rp2_common/hardware_clocks/clocks.c.obj
                0x1000279c                clock_configure_int_divider
 .text.clock_configure_undivided
                0x10002890       0xe8 CMakeFiles/pico_w_webserver.dir/C_/Users/merna/.pico-sdk/sdk/2.1.0/src/rp2_common/hardware_clocks/clocks.c.obj
                0x10002890                clock_configure_undivided
 .text.clock_get_hz
                0x10002978        0xc CMakeFiles/pico_w_webserver.dir/C_/Users/merna/.pico-sdk/sdk/2.1.0/src/rp2_common/hardware_clocks/clocks.c.obj
                0x10002978                clock_get_hz
 .text.gpio_set_function
                0x10002984       0x34 CMakeFiles/pico_w_webserver.dir/C_/Users/merna/.pico-sdk/sdk/2.1.0/src/rp2_common/hardware_gpio/gpio.c.obj
                0x10002984                gpio_set_function
 .text.gpio_set_pulls
                0x100029b8       0x28 CMakeFiles/pico_w_webserver.dir/C_/Users/merna/.pico-sdk/sdk/2.1.0/src/rp2_common/hardware_gpio/gpio.c.obj
                0x100029b8                gpio_set_pulls
 .text.gpio_set_input_hysteresis_enabled
                0x100029e0       0x28 CMakeFiles/pico_w_webserver.dir/C_/Users/merna/.pico-sdk/sdk/2.1.0/src/rp2_common/hardware_gpio/gpio.c.obj
                0x100029e0                gpio_set_input_hysteresis_enabled
 .text.gpio_set_irq_enabled
                0x10002a08       0x58 CMakeFiles/pico_w_webserver.dir/C_/Users/merna/.pico-sdk/sdk/2.1.0/src/rp2_common/hardware_gpio/gpio.c.obj
                0x10002a08                gpio_set_irq_enabled
 .text.gpio_add_raw_irq_handler_with_order_priority_masked
                0x10002a60       0x44 CMakeFiles/pico_w_webserver.dir/C_/Users/merna/.pico-sdk/sdk/2.1.0/src/rp2_common/hardware_gpio/gpio.c.obj
                0x10002a60                gpio_add_raw_irq_handler_with_order_priority_masked
 .text.gpio_remove_raw_irq_handler_masked
                0x10002aa4       0x20 CMakeFiles/pico_w_webserver.dir/C_/Users/merna/.pico-sdk/sdk/2.1.0/src/rp2_common/hardware_gpio/gpio.c.obj
                0x10002aa4                gpio_remove_raw_irq_handler_masked
 .text.gpio_set_input_enabled
                0x10002ac4       0x28 CMakeFiles/pico_w_webserver.dir/C_/Users/merna/.pico-sdk/sdk/2.1.0/src/rp2_common/hardware_gpio/gpio.c.obj
                0x10002ac4                gpio_set_input_enabled
 .text.gpio_init
                0x10002aec       0x40 CMakeFiles/pico_w_webserver.dir/C_/Users/merna/.pico-sdk/sdk/2.1.0/src/rp2_common/hardware_gpio/gpio.c.obj
                0x10002aec                gpio_init
 .text.pll_init
                0x10002b2c       0xa4 CMakeFiles/pico_w_webserver.dir/C_/Users/merna/.pico-sdk/sdk/2.1.0/src/rp2_common/hardware_pll/pll.c.obj
                0x10002b2c                pll_init
 .text.watchdog_reboot
                0x10002bd0       0x9c CMakeFiles/pico_w_webserver.dir/C_/Users/merna/.pico-sdk/sdk/2.1.0/src/rp2_common/hardware_watchdog/watchdog.c.obj
                0x10002bd0                watchdog_reboot
 .text.tick_start
                0x10002c6c       0x10 CMakeFiles/pico_w_webserver.dir/C_/Users/merna/.pico-sdk/sdk/2.1.0/src/rp2_common/hardware_ticks/ticks.c.obj
                0x10002c6c                tick_start
 .text.xosc_init
                0x10002c7c       0x28 CMakeFiles/pico_w_webserver.dir/C_/Users/merna/.pico-sdk/sdk/2.1.0/src/rp2_common/hardware_xosc/xosc.c.obj
                0x10002c7c                xosc_init
 .text.lwip_init
                0x10002ca4       0x24 CMakeFiles/pico_w_webserver.dir/C_/Users/merna/.pico-sdk/sdk/2.1.0/lib/lwip/src/core/init.c.obj
                0x10002ca4                lwip_init
 .text.lwip_htons
                0x10002cc8        0x8 CMakeFiles/pico_w_webserver.dir/C_/Users/merna/.pico-sdk/sdk/2.1.0/lib/lwip/src/core/def.c.obj
                0x10002cc8                lwip_htons
 .text.lwip_htonl
                0x10002cd0        0x4 CMakeFiles/pico_w_webserver.dir/C_/Users/merna/.pico-sdk/sdk/2.1.0/lib/lwip/src/core/def.c.obj
                0x10002cd0                lwip_htonl
 .text.lwip_strnstr
                0x10002cd4       0x5c CMakeFiles/pico_w_webserver.dir/C_/Users/merna/.pico-sdk/sdk/2.1.0/lib/lwip/src/core/def.c.obj
                0x10002cd4                lwip_strnstr
 .text.lwip_stricmp
                0x10002d30       0x34 CMakeFiles/pico_w_webserver.dir/C_/Users/merna/.pico-sdk/sdk/2.1.0/lib/lwip/src/core/def.c.obj
                0x10002d30                lwip_stricmp
 .text.dns_call_found
                0x10002d64      0x184 CMakeFiles/pico_w_webserver.dir/C_/Users/merna/.pico-sdk/sdk/2.1.0/lib/lwip/src/core/dns.c.obj
 .text.dns_send.isra.0
                0x10002ee8      0x174 CMakeFiles/pico_w_webserver.dir/C_/Users/merna/.pico-sdk/sdk/2.1.0/lib/lwip/src/core/dns.c.obj
 .text.dns_init
                0x1000305c        0x4 CMakeFiles/pico_w_webserver.dir/C_/Users/merna/.pico-sdk/sdk/2.1.0/lib/lwip/src/core/dns.c.obj
                0x1000305c                dns_init
 .text.dns_setserver
                0x10003060       0x24 CMakeFiles/pico_w_webserver.dir/C_/Users/merna/.pico-sdk/sdk/2.1.0/lib/lwip/src/core/dns.c.obj
                0x10003060                dns_setserver
 .text.dns_tmr  0x10003084      0x140 CMakeFiles/pico_w_webserver.dir/C_/Users/merna/.pico-sdk/sdk/2.1.0/lib/lwip/src/core/dns.c.obj
                0x10003084                dns_tmr
 .text.lwip_standard_chksum
                0x100031c4       0xdc CMakeFiles/pico_w_webserver.dir/C_/Users/merna/.pico-sdk/sdk/2.1.0/lib/lwip/src/core/inet_chksum.c.obj
                0x100031c4                lwip_standard_chksum
 .text.inet_chksum_pseudo
                0x100032a0       0xbc CMakeFiles/pico_w_webserver.dir/C_/Users/merna/.pico-sdk/sdk/2.1.0/lib/lwip/src/core/inet_chksum.c.obj
                0x100032a0                inet_chksum_pseudo
 .text.ip_chksum_pseudo
                0x1000335c       0x10 CMakeFiles/pico_w_webserver.dir/C_/Users/merna/.pico-sdk/sdk/2.1.0/lib/lwip/src/core/inet_chksum.c.obj
                0x1000335c                ip_chksum_pseudo
 .text.inet_chksum
                0x1000336c        0xc CMakeFiles/pico_w_webserver.dir/C_/Users/merna/.pico-sdk/sdk/2.1.0/lib/lwip/src/core/inet_chksum.c.obj
                0x1000336c                inet_chksum
 .text.inet_chksum_pbuf
                0x10003378       0x78 CMakeFiles/pico_w_webserver.dir/C_/Users/merna/.pico-sdk/sdk/2.1.0/lib/lwip/src/core/inet_chksum.c.obj
                0x10003378                inet_chksum_pbuf
 .text.mem_init
                0x100033f0       0x3c CMakeFiles/pico_w_webserver.dir/C_/Users/merna/.pico-sdk/sdk/2.1.0/lib/lwip/src/core/mem.c.obj
                0x100033f0                mem_init
 .text.mem_free
                0x1000342c      0x130 CMakeFiles/pico_w_webserver.dir/C_/Users/merna/.pico-sdk/sdk/2.1.0/lib/lwip/src/core/mem.c.obj
                0x1000342c                mem_free
 .text.mem_trim
                0x1000355c      0x104 CMakeFiles/pico_w_webserver.dir/C_/Users/merna/.pico-sdk/sdk/2.1.0/lib/lwip/src/core/mem.c.obj
                0x1000355c                mem_trim
 .text.mem_malloc
                0x10003660      0x124 CMakeFiles/pico_w_webserver.dir/C_/Users/merna/.pico-sdk/sdk/2.1.0/lib/lwip/src/core/mem.c.obj
                0x10003660                mem_malloc
 .text.memp_init
                0x10003784       0x6c CMakeFiles/pico_w_webserver.dir/C_/Users/merna/.pico-sdk/sdk/2.1.0/lib/lwip/src/core/memp.c.obj
                0x10003784                memp_init
 .text.memp_malloc
                0x100037f0       0x40 CMakeFiles/pico_w_webserver.dir/C_/Users/merna/.pico-sdk/sdk/2.1.0/lib/lwip/src/core/memp.c.obj
                0x100037f0                memp_malloc
 .text.memp_free
                0x10003830       0x38 CMakeFiles/pico_w_webserver.dir/C_/Users/merna/.pico-sdk/sdk/2.1.0/lib/lwip/src/core/memp.c.obj
                0x10003830                memp_free
 .text.netif_null_output_ip4
                0x10003868        0x8 CMakeFiles/pico_w_webserver.dir/C_/Users/merna/.pico-sdk/sdk/2.1.0/lib/lwip/src/core/netif.c.obj
 .text.netif_do_set_ipaddr.isra.0
                0x10003870       0x60 CMakeFiles/pico_w_webserver.dir/C_/Users/merna/.pico-sdk/sdk/2.1.0/lib/lwip/src/core/netif.c.obj
 .text.netif_init
                0x100038d0        0x4 CMakeFiles/pico_w_webserver.dir/C_/Users/merna/.pico-sdk/sdk/2.1.0/lib/lwip/src/core/netif.c.obj
                0x100038d0                netif_init
 .text.netif_add
                0x100038d4      0x16c CMakeFiles/pico_w_webserver.dir/C_/Users/merna/.pico-sdk/sdk/2.1.0/lib/lwip/src/core/netif.c.obj
                0x100038d4                netif_add
 .text.netif_set_addr
                0x10003a40       0xb4 CMakeFiles/pico_w_webserver.dir/C_/Users/merna/.pico-sdk/sdk/2.1.0/lib/lwip/src/core/netif.c.obj
                0x10003a40                netif_set_addr
 .text.netif_remove
                0x10003af4       0x94 CMakeFiles/pico_w_webserver.dir/C_/Users/merna/.pico-sdk/sdk/2.1.0/lib/lwip/src/core/netif.c.obj
                0x10003af4                netif_remove
 .text.netif_set_default
                0x10003b88        0xc CMakeFiles/pico_w_webserver.dir/C_/Users/merna/.pico-sdk/sdk/2.1.0/lib/lwip/src/core/netif.c.obj
                0x10003b88                netif_set_default
 .text.netif_set_up
                0x10003b94       0x40 CMakeFiles/pico_w_webserver.dir/C_/Users/merna/.pico-sdk/sdk/2.1.0/lib/lwip/src/core/netif.c.obj
                0x10003b94                netif_set_up
 .text.netif_set_link_up
                0x10003bd4       0x44 CMakeFiles/pico_w_webserver.dir/C_/Users/merna/.pico-sdk/sdk/2.1.0/lib/lwip/src/core/netif.c.obj
                0x10003bd4                netif_set_link_up
 .text.netif_set_link_down
                0x10003c18       0x20 CMakeFiles/pico_w_webserver.dir/C_/Users/merna/.pico-sdk/sdk/2.1.0/lib/lwip/src/core/netif.c.obj
                0x10003c18                netif_set_link_down
 .text.netif_get_by_index
                0x10003c38       0x2c CMakeFiles/pico_w_webserver.dir/C_/Users/merna/.pico-sdk/sdk/2.1.0/lib/lwip/src/core/netif.c.obj
                0x10003c38                netif_get_by_index
 .text.pbuf_free.part.0
                0x10003c64       0x7c CMakeFiles/pico_w_webserver.dir/C_/Users/merna/.pico-sdk/sdk/2.1.0/lib/lwip/src/core/pbuf.c.obj
 .text.pbuf_free_ooseq
                0x10003ce0       0x34 CMakeFiles/pico_w_webserver.dir/C_/Users/merna/.pico-sdk/sdk/2.1.0/lib/lwip/src/core/pbuf.c.obj
                0x10003ce0                pbuf_free_ooseq
 .text.pbuf_alloc
                0x10003d14      0x134 CMakeFiles/pico_w_webserver.dir/C_/Users/merna/.pico-sdk/sdk/2.1.0/lib/lwip/src/core/pbuf.c.obj
                0x10003d14                pbuf_alloc
 .text.pbuf_realloc
                0x10003e48       0x84 CMakeFiles/pico_w_webserver.dir/C_/Users/merna/.pico-sdk/sdk/2.1.0/lib/lwip/src/core/pbuf.c.obj
                0x10003e48                pbuf_realloc
 .text.pbuf_add_header
                0x10003ecc       0x50 CMakeFiles/pico_w_webserver.dir/C_/Users/merna/.pico-sdk/sdk/2.1.0/lib/lwip/src/core/pbuf.c.obj
                0x10003ecc                pbuf_add_header
 .text.pbuf_remove_header
                0x10003f1c       0x3c CMakeFiles/pico_w_webserver.dir/C_/Users/merna/.pico-sdk/sdk/2.1.0/lib/lwip/src/core/pbuf.c.obj
                0x10003f1c                pbuf_remove_header
 .text.pbuf_header_force
                0x10003f58       0x68 CMakeFiles/pico_w_webserver.dir/C_/Users/merna/.pico-sdk/sdk/2.1.0/lib/lwip/src/core/pbuf.c.obj
                0x10003f58                pbuf_header_force
 .text.pbuf_free
                0x10003fc0       0x18 CMakeFiles/pico_w_webserver.dir/C_/Users/merna/.pico-sdk/sdk/2.1.0/lib/lwip/src/core/pbuf.c.obj
                0x10003fc0                pbuf_free
 .text.pbuf_clen
                0x10003fd8       0x14 CMakeFiles/pico_w_webserver.dir/C_/Users/merna/.pico-sdk/sdk/2.1.0/lib/lwip/src/core/pbuf.c.obj
                0x10003fd8                pbuf_clen
 .text.pbuf_ref
                0x10003fec       0x28 CMakeFiles/pico_w_webserver.dir/C_/Users/merna/.pico-sdk/sdk/2.1.0/lib/lwip/src/core/pbuf.c.obj
                0x10003fec                pbuf_ref
 .text.pbuf_cat
                0x10004014       0x44 CMakeFiles/pico_w_webserver.dir/C_/Users/merna/.pico-sdk/sdk/2.1.0/lib/lwip/src/core/pbuf.c.obj
                0x10004014                pbuf_cat
 .text.pbuf_chain
                0x10004058       0x64 CMakeFiles/pico_w_webserver.dir/C_/Users/merna/.pico-sdk/sdk/2.1.0/lib/lwip/src/core/pbuf.c.obj
                0x10004058                pbuf_chain
 .text.pbuf_copy_partial_pbuf
                0x100040bc      0x148 CMakeFiles/pico_w_webserver.dir/C_/Users/merna/.pico-sdk/sdk/2.1.0/lib/lwip/src/core/pbuf.c.obj
                0x100040bc                pbuf_copy_partial_pbuf
 .text.pbuf_copy
                0x10004204       0x18 CMakeFiles/pico_w_webserver.dir/C_/Users/merna/.pico-sdk/sdk/2.1.0/lib/lwip/src/core/pbuf.c.obj
                0x10004204                pbuf_copy
 .text.pbuf_copy_partial
                0x1000421c       0x68 CMakeFiles/pico_w_webserver.dir/C_/Users/merna/.pico-sdk/sdk/2.1.0/lib/lwip/src/core/pbuf.c.obj
                0x1000421c                pbuf_copy_partial
 .text.pbuf_take
                0x10004284       0x78 CMakeFiles/pico_w_webserver.dir/C_/Users/merna/.pico-sdk/sdk/2.1.0/lib/lwip/src/core/pbuf.c.obj
                0x10004284                pbuf_take
 .text.pbuf_take_at
                0x100042fc       0xcc CMakeFiles/pico_w_webserver.dir/C_/Users/merna/.pico-sdk/sdk/2.1.0/lib/lwip/src/core/pbuf.c.obj
                0x100042fc                pbuf_take_at
 .text.pbuf_clone
                0x100043c8       0x30 CMakeFiles/pico_w_webserver.dir/C_/Users/merna/.pico-sdk/sdk/2.1.0/lib/lwip/src/core/pbuf.c.obj
                0x100043c8                pbuf_clone
 .text.pbuf_put_at
                0x100043f8       0x1c CMakeFiles/pico_w_webserver.dir/C_/Users/merna/.pico-sdk/sdk/2.1.0/lib/lwip/src/core/pbuf.c.obj
                0x100043f8                pbuf_put_at
 .text.raw_input
                0x10004414      0x164 CMakeFiles/pico_w_webserver.dir/C_/Users/merna/.pico-sdk/sdk/2.1.0/lib/lwip/src/core/raw.c.obj
                0x10004414                raw_input
 .text.raw_netif_ip_addr_changed
                0x10004578       0x40 CMakeFiles/pico_w_webserver.dir/C_/Users/merna/.pico-sdk/sdk/2.1.0/lib/lwip/src/core/raw.c.obj
                0x10004578                raw_netif_ip_addr_changed
 .text.stats_init
                0x100045b8        0x4 CMakeFiles/pico_w_webserver.dir/C_/Users/merna/.pico-sdk/sdk/2.1.0/lib/lwip/src/core/stats.c.obj
                0x100045b8                stats_init
 .text.tcp_close_shutdown_fin
                0x100045bc       0x54 CMakeFiles/pico_w_webserver.dir/C_/Users/merna/.pico-sdk/sdk/2.1.0/lib/lwip/src/core/tcp.c.obj
 .text.tcp_pcb_purge.part.0
                0x10004610       0xc4 CMakeFiles/pico_w_webserver.dir/C_/Users/merna/.pico-sdk/sdk/2.1.0/lib/lwip/src/core/tcp.c.obj
 .text.tcp_init
                0x100046d4       0x20 CMakeFiles/pico_w_webserver.dir/C_/Users/merna/.pico-sdk/sdk/2.1.0/lib/lwip/src/core/tcp.c.obj
                0x100046d4                tcp_init
 .text.tcp_free
                0x100046f4       0x1c CMakeFiles/pico_w_webserver.dir/C_/Users/merna/.pico-sdk/sdk/2.1.0/lib/lwip/src/core/tcp.c.obj
                0x100046f4                tcp_free
 .text.tcp_bind
                0x10004710       0xf4 CMakeFiles/pico_w_webserver.dir/C_/Users/merna/.pico-sdk/sdk/2.1.0/lib/lwip/src/core/tcp.c.obj
                0x10004710                tcp_bind
 .text.tcp_listen_with_backlog
                0x10004804       0x98 CMakeFiles/pico_w_webserver.dir/C_/Users/merna/.pico-sdk/sdk/2.1.0/lib/lwip/src/core/tcp.c.obj
                0x10004804                tcp_listen_with_backlog
 .text.tcp_update_rcv_ann_wnd
                0x1000489c       0x58 CMakeFiles/pico_w_webserver.dir/C_/Users/merna/.pico-sdk/sdk/2.1.0/lib/lwip/src/core/tcp.c.obj
                0x1000489c                tcp_update_rcv_ann_wnd
 .text.tcp_recved
                0x100048f4       0x98 CMakeFiles/pico_w_webserver.dir/C_/Users/merna/.pico-sdk/sdk/2.1.0/lib/lwip/src/core/tcp.c.obj
                0x100048f4                tcp_recved
 .text.tcp_slowtmr
                0x1000498c      0x524 CMakeFiles/pico_w_webserver.dir/C_/Users/merna/.pico-sdk/sdk/2.1.0/lib/lwip/src/core/tcp.c.obj
                0x1000498c                tcp_slowtmr
 .text.tcp_segs_free
                0x10004eb0       0x38 CMakeFiles/pico_w_webserver.dir/C_/Users/merna/.pico-sdk/sdk/2.1.0/lib/lwip/src/core/tcp.c.obj
                0x10004eb0                tcp_segs_free
 .text.tcp_seg_free
                0x10004ee8       0x1c CMakeFiles/pico_w_webserver.dir/C_/Users/merna/.pico-sdk/sdk/2.1.0/lib/lwip/src/core/tcp.c.obj
                0x10004ee8                tcp_seg_free
 .text.tcp_setprio
                0x10004f04        0x8 CMakeFiles/pico_w_webserver.dir/C_/Users/merna/.pico-sdk/sdk/2.1.0/lib/lwip/src/core/tcp.c.obj
                0x10004f04                tcp_setprio
 .text.tcp_seg_copy
                0x10004f0c       0x2c CMakeFiles/pico_w_webserver.dir/C_/Users/merna/.pico-sdk/sdk/2.1.0/lib/lwip/src/core/tcp.c.obj
                0x10004f0c                tcp_seg_copy
 .text.tcp_arg  0x10004f38        0x8 CMakeFiles/pico_w_webserver.dir/C_/Users/merna/.pico-sdk/sdk/2.1.0/lib/lwip/src/core/tcp.c.obj
                0x10004f38                tcp_arg
 .text.tcp_recv
                0x10004f40       0x1c CMakeFiles/pico_w_webserver.dir/C_/Users/merna/.pico-sdk/sdk/2.1.0/lib/lwip/src/core/tcp.c.obj
                0x10004f40                tcp_recv
 .text.tcp_sent
                0x10004f5c       0x1c CMakeFiles/pico_w_webserver.dir/C_/Users/merna/.pico-sdk/sdk/2.1.0/lib/lwip/src/core/tcp.c.obj
                0x10004f5c                tcp_sent
 .text.tcp_err  0x10004f78       0x1c CMakeFiles/pico_w_webserver.dir/C_/Users/merna/.pico-sdk/sdk/2.1.0/lib/lwip/src/core/tcp.c.obj
                0x10004f78                tcp_err
 .text.tcp_accept
                0x10004f94       0x10 CMakeFiles/pico_w_webserver.dir/C_/Users/merna/.pico-sdk/sdk/2.1.0/lib/lwip/src/core/tcp.c.obj
                0x10004f94                tcp_accept
 .text.tcp_poll
                0x10004fa4       0x20 CMakeFiles/pico_w_webserver.dir/C_/Users/merna/.pico-sdk/sdk/2.1.0/lib/lwip/src/core/tcp.c.obj
                0x10004fa4                tcp_poll
 .text.tcp_pcb_purge
                0x10004fc4       0x18 CMakeFiles/pico_w_webserver.dir/C_/Users/merna/.pico-sdk/sdk/2.1.0/lib/lwip/src/core/tcp.c.obj
                0x10004fc4                tcp_pcb_purge
 .text.tcp_pcb_remove
                0x10004fdc       0xc8 CMakeFiles/pico_w_webserver.dir/C_/Users/merna/.pico-sdk/sdk/2.1.0/lib/lwip/src/core/tcp.c.obj
                0x10004fdc                tcp_pcb_remove
 .text.tcp_abandon
                0x100050a4      0x1a0 CMakeFiles/pico_w_webserver.dir/C_/Users/merna/.pico-sdk/sdk/2.1.0/lib/lwip/src/core/tcp.c.obj
                0x100050a4                tcp_abandon
 .text.tcp_abort
                0x10005244        0xc CMakeFiles/pico_w_webserver.dir/C_/Users/merna/.pico-sdk/sdk/2.1.0/lib/lwip/src/core/tcp.c.obj
                0x10005244                tcp_abort
 .text.tcp_accept_null
                0x10005250       0x20 CMakeFiles/pico_w_webserver.dir/C_/Users/merna/.pico-sdk/sdk/2.1.0/lib/lwip/src/core/tcp.c.obj
 .text.tcp_alloc
                0x10005270      0x1d4 CMakeFiles/pico_w_webserver.dir/C_/Users/merna/.pico-sdk/sdk/2.1.0/lib/lwip/src/core/tcp.c.obj
                0x10005270                tcp_alloc
 .text.tcp_new_ip_type
                0x10005444        0xc CMakeFiles/pico_w_webserver.dir/C_/Users/merna/.pico-sdk/sdk/2.1.0/lib/lwip/src/core/tcp.c.obj
                0x10005444                tcp_new_ip_type
 .text.tcp_close_shutdown
                0x10005450      0x188 CMakeFiles/pico_w_webserver.dir/C_/Users/merna/.pico-sdk/sdk/2.1.0/lib/lwip/src/core/tcp.c.obj
 .text.tcp_recv_null
                0x100055d8       0xcc CMakeFiles/pico_w_webserver.dir/C_/Users/merna/.pico-sdk/sdk/2.1.0/lib/lwip/src/core/tcp.c.obj
                0x100055d8                tcp_recv_null
 .text.tcp_process_refused_data
                0x100056a4       0x78 CMakeFiles/pico_w_webserver.dir/C_/Users/merna/.pico-sdk/sdk/2.1.0/lib/lwip/src/core/tcp.c.obj
                0x100056a4                tcp_process_refused_data
 .text.tcp_fasttmr
                0x1000571c       0x98 CMakeFiles/pico_w_webserver.dir/C_/Users/merna/.pico-sdk/sdk/2.1.0/lib/lwip/src/core/tcp.c.obj
                0x1000571c                tcp_fasttmr
 .text.tcp_tmr  0x100057b4       0x20 CMakeFiles/pico_w_webserver.dir/C_/Users/merna/.pico-sdk/sdk/2.1.0/lib/lwip/src/core/tcp.c.obj
                0x100057b4                tcp_tmr
 .text.tcp_close
                0x100057d4      0x170 CMakeFiles/pico_w_webserver.dir/C_/Users/merna/.pico-sdk/sdk/2.1.0/lib/lwip/src/core/tcp.c.obj
                0x100057d4                tcp_close
 .text.tcp_next_iss
                0x10005944       0x28 CMakeFiles/pico_w_webserver.dir/C_/Users/merna/.pico-sdk/sdk/2.1.0/lib/lwip/src/core/tcp.c.obj
                0x10005944                tcp_next_iss
 .text.tcp_eff_send_mss_netif
                0x1000596c       0x34 CMakeFiles/pico_w_webserver.dir/C_/Users/merna/.pico-sdk/sdk/2.1.0/lib/lwip/src/core/tcp.c.obj
                0x1000596c                tcp_eff_send_mss_netif
 .text.tcp_netif_ip_addr_changed
                0x100059a0       0x94 CMakeFiles/pico_w_webserver.dir/C_/Users/merna/.pico-sdk/sdk/2.1.0/lib/lwip/src/core/tcp.c.obj
                0x100059a0                tcp_netif_ip_addr_changed
 .text.tcp_free_ooseq
                0x10005a34       0x40 CMakeFiles/pico_w_webserver.dir/C_/Users/merna/.pico-sdk/sdk/2.1.0/lib/lwip/src/core/tcp.c.obj
                0x10005a34                tcp_free_ooseq
 .text.tcp_parseopt
                0x10005a74      0x1bc CMakeFiles/pico_w_webserver.dir/C_/Users/merna/.pico-sdk/sdk/2.1.0/lib/lwip/src/core/tcp_in.c.obj
 .text.tcp_oos_insert_segment
                0x10005c30       0xdc CMakeFiles/pico_w_webserver.dir/C_/Users/merna/.pico-sdk/sdk/2.1.0/lib/lwip/src/core/tcp_in.c.obj
 .text.tcp_free_acked_segments.isra.0
                0x10005d0c       0xdc CMakeFiles/pico_w_webserver.dir/C_/Users/merna/.pico-sdk/sdk/2.1.0/lib/lwip/src/core/tcp_in.c.obj
 .text.tcp_receive
                0x10005de8      0xa00 CMakeFiles/pico_w_webserver.dir/C_/Users/merna/.pico-sdk/sdk/2.1.0/lib/lwip/src/core/tcp_in.c.obj
 .text.tcp_input
                0x100067e8      0xe54 CMakeFiles/pico_w_webserver.dir/C_/Users/merna/.pico-sdk/sdk/2.1.0/lib/lwip/src/core/tcp_in.c.obj
                0x100067e8                tcp_input
 .text.tcp_trigger_input_pcb_close
                0x1000763c       0x10 CMakeFiles/pico_w_webserver.dir/C_/Users/merna/.pico-sdk/sdk/2.1.0/lib/lwip/src/core/tcp_in.c.obj
                0x1000763c                tcp_trigger_input_pcb_close
 .text.tcp_create_segment
                0x1000764c       0xf8 CMakeFiles/pico_w_webserver.dir/C_/Users/merna/.pico-sdk/sdk/2.1.0/lib/lwip/src/core/tcp_out.c.obj
 .text.tcp_output_control_segment
                0x10007744       0xc0 CMakeFiles/pico_w_webserver.dir/C_/Users/merna/.pico-sdk/sdk/2.1.0/lib/lwip/src/core/tcp_out.c.obj
 .text.tcp_output_alloc_header.constprop.0
                0x10007804       0xc8 CMakeFiles/pico_w_webserver.dir/C_/Users/merna/.pico-sdk/sdk/2.1.0/lib/lwip/src/core/tcp_out.c.obj
 .text.tcp_write
                0x100078cc      0x468 CMakeFiles/pico_w_webserver.dir/C_/Users/merna/.pico-sdk/sdk/2.1.0/lib/lwip/src/core/tcp_out.c.obj
                0x100078cc                tcp_write
 .text.tcp_split_unsent_seg
                0x10007d34      0x1b4 CMakeFiles/pico_w_webserver.dir/C_/Users/merna/.pico-sdk/sdk/2.1.0/lib/lwip/src/core/tcp_out.c.obj
                0x10007d34                tcp_split_unsent_seg
 .text.tcp_send_fin
                0x10007ee8      0x118 CMakeFiles/pico_w_webserver.dir/C_/Users/merna/.pico-sdk/sdk/2.1.0/lib/lwip/src/core/tcp_out.c.obj
                0x10007ee8                tcp_send_fin
 .text.tcp_enqueue_flags
                0x10008000      0x108 CMakeFiles/pico_w_webserver.dir/C_/Users/merna/.pico-sdk/sdk/2.1.0/lib/lwip/src/core/tcp_out.c.obj
                0x10008000                tcp_enqueue_flags
 .text.tcp_rexmit_rto_prepare
                0x10008108       0x9c CMakeFiles/pico_w_webserver.dir/C_/Users/merna/.pico-sdk/sdk/2.1.0/lib/lwip/src/core/tcp_out.c.obj
                0x10008108                tcp_rexmit_rto_prepare
 .text.tcp_rexmit
                0x100081a4       0x9c CMakeFiles/pico_w_webserver.dir/C_/Users/merna/.pico-sdk/sdk/2.1.0/lib/lwip/src/core/tcp_out.c.obj
                0x100081a4                tcp_rexmit
 .text.tcp_rexmit_fast
                0x10008240       0x64 CMakeFiles/pico_w_webserver.dir/C_/Users/merna/.pico-sdk/sdk/2.1.0/lib/lwip/src/core/tcp_out.c.obj
                0x10008240                tcp_rexmit_fast
 .text.tcp_rst  0x100082a4       0xe8 CMakeFiles/pico_w_webserver.dir/C_/Users/merna/.pico-sdk/sdk/2.1.0/lib/lwip/src/core/tcp_out.c.obj
                0x100082a4                tcp_rst
 .text.tcp_rst_netif
                0x1000838c      0x130 CMakeFiles/pico_w_webserver.dir/C_/Users/merna/.pico-sdk/sdk/2.1.0/lib/lwip/src/core/tcp_out.c.obj
                0x1000838c                tcp_rst_netif
 .text.tcp_send_empty_ack
                0x100084bc       0x4c CMakeFiles/pico_w_webserver.dir/C_/Users/merna/.pico-sdk/sdk/2.1.0/lib/lwip/src/core/tcp_out.c.obj
                0x100084bc                tcp_send_empty_ack
 .text.tcp_output
                0x10008508      0x454 CMakeFiles/pico_w_webserver.dir/C_/Users/merna/.pico-sdk/sdk/2.1.0/lib/lwip/src/core/tcp_out.c.obj
                0x10008508                tcp_output
 .text.tcp_rexmit_rto_commit
                0x1000895c       0x24 CMakeFiles/pico_w_webserver.dir/C_/Users/merna/.pico-sdk/sdk/2.1.0/lib/lwip/src/core/tcp_out.c.obj
                0x1000895c                tcp_rexmit_rto_commit
 .text.tcp_rexmit_rto
                0x10008980       0xa4 CMakeFiles/pico_w_webserver.dir/C_/Users/merna/.pico-sdk/sdk/2.1.0/lib/lwip/src/core/tcp_out.c.obj
                0x10008980                tcp_rexmit_rto
 .text.tcp_keepalive
                0x10008a24       0xdc CMakeFiles/pico_w_webserver.dir/C_/Users/merna/.pico-sdk/sdk/2.1.0/lib/lwip/src/core/tcp_out.c.obj
                0x10008a24                tcp_keepalive
 .text.tcp_zero_window_probe
                0x10008b00      0x110 CMakeFiles/pico_w_webserver.dir/C_/Users/merna/.pico-sdk/sdk/2.1.0/lib/lwip/src/core/tcp_out.c.obj
                0x10008b00                tcp_zero_window_probe
 .text.tcpip_tcp_timer
                0x10008c10       0x78 CMakeFiles/pico_w_webserver.dir/C_/Users/merna/.pico-sdk/sdk/2.1.0/lib/lwip/src/core/timeouts.c.obj
 .text.lwip_cyclic_timer
                0x10008c88       0x98 CMakeFiles/pico_w_webserver.dir/C_/Users/merna/.pico-sdk/sdk/2.1.0/lib/lwip/src/core/timeouts.c.obj
 .text.tcp_timer_needed
                0x10008d20       0x7c CMakeFiles/pico_w_webserver.dir/C_/Users/merna/.pico-sdk/sdk/2.1.0/lib/lwip/src/core/timeouts.c.obj
                0x10008d20                tcp_timer_needed
 .text.sys_timeouts_init
                0x10008d9c       0x8c CMakeFiles/pico_w_webserver.dir/C_/Users/merna/.pico-sdk/sdk/2.1.0/lib/lwip/src/core/timeouts.c.obj
                0x10008d9c                sys_timeouts_init
 .text.sys_check_timeouts
                0x10008e28       0x68 CMakeFiles/pico_w_webserver.dir/C_/Users/merna/.pico-sdk/sdk/2.1.0/lib/lwip/src/core/timeouts.c.obj
                0x10008e28                sys_check_timeouts
 .text.sys_timeouts_sleeptime
                0x10008e90       0x28 CMakeFiles/pico_w_webserver.dir/C_/Users/merna/.pico-sdk/sdk/2.1.0/lib/lwip/src/core/timeouts.c.obj
                0x10008e90                sys_timeouts_sleeptime
 .text.udp_init
                0x10008eb8       0x20 CMakeFiles/pico_w_webserver.dir/C_/Users/merna/.pico-sdk/sdk/2.1.0/lib/lwip/src/core/udp.c.obj
                0x10008eb8                udp_init
 .text.udp_input
                0x10008ed8      0x320 CMakeFiles/pico_w_webserver.dir/C_/Users/merna/.pico-sdk/sdk/2.1.0/lib/lwip/src/core/udp.c.obj
                0x10008ed8                udp_input
 .text.udp_bind
                0x100091f8      0x118 CMakeFiles/pico_w_webserver.dir/C_/Users/merna/.pico-sdk/sdk/2.1.0/lib/lwip/src/core/udp.c.obj
                0x100091f8                udp_bind
 .text.udp_sendto_if_src
                0x10009310      0x130 CMakeFiles/pico_w_webserver.dir/C_/Users/merna/.pico-sdk/sdk/2.1.0/lib/lwip/src/core/udp.c.obj
                0x10009310                udp_sendto_if_src
 .text.udp_sendto_if
                0x10009440       0x48 CMakeFiles/pico_w_webserver.dir/C_/Users/merna/.pico-sdk/sdk/2.1.0/lib/lwip/src/core/udp.c.obj
                0x10009440                udp_sendto_if
 .text.udp_sendto
                0x10009488       0x78 CMakeFiles/pico_w_webserver.dir/C_/Users/merna/.pico-sdk/sdk/2.1.0/lib/lwip/src/core/udp.c.obj
                0x10009488                udp_sendto
 .text.udp_connect
                0x10009500       0x60 CMakeFiles/pico_w_webserver.dir/C_/Users/merna/.pico-sdk/sdk/2.1.0/lib/lwip/src/core/udp.c.obj
                0x10009500                udp_connect
 .text.udp_recv
                0x10009560        0xc CMakeFiles/pico_w_webserver.dir/C_/Users/merna/.pico-sdk/sdk/2.1.0/lib/lwip/src/core/udp.c.obj
                0x10009560                udp_recv
 .text.udp_remove
                0x1000956c       0x3c CMakeFiles/pico_w_webserver.dir/C_/Users/merna/.pico-sdk/sdk/2.1.0/lib/lwip/src/core/udp.c.obj
                0x1000956c                udp_remove
 .text.udp_new  0x100095a8       0x1c CMakeFiles/pico_w_webserver.dir/C_/Users/merna/.pico-sdk/sdk/2.1.0/lib/lwip/src/core/udp.c.obj
                0x100095a8                udp_new
 .text.udp_netif_ip_addr_changed
                0x100095c4       0x40 CMakeFiles/pico_w_webserver.dir/C_/Users/merna/.pico-sdk/sdk/2.1.0/lib/lwip/src/core/udp.c.obj
                0x100095c4                udp_netif_ip_addr_changed
 .text.dhcp_create_msg
                0x10009604      0x164 CMakeFiles/pico_w_webserver.dir/C_/Users/merna/.pico-sdk/sdk/2.1.0/lib/lwip/src/core/ipv4/dhcp.c.obj
 .text.dhcp_inc_pcb_refcount
                0x10009768       0x6c CMakeFiles/pico_w_webserver.dir/C_/Users/merna/.pico-sdk/sdk/2.1.0/lib/lwip/src/core/ipv4/dhcp.c.obj
 .text.dhcp_bind
                0x100097d4      0x138 CMakeFiles/pico_w_webserver.dir/C_/Users/merna/.pico-sdk/sdk/2.1.0/lib/lwip/src/core/ipv4/dhcp.c.obj
 .text.dhcp_option_hostname.isra.0
                0x1000990c       0x84 CMakeFiles/pico_w_webserver.dir/C_/Users/merna/.pico-sdk/sdk/2.1.0/lib/lwip/src/core/ipv4/dhcp.c.obj
 .text.dhcp_handle_ack.isra.0
                0x10009990       0xcc CMakeFiles/pico_w_webserver.dir/C_/Users/merna/.pico-sdk/sdk/2.1.0/lib/lwip/src/core/ipv4/dhcp.c.obj
 .text.dhcp_reboot.isra.0
                0x10009a5c      0x178 CMakeFiles/pico_w_webserver.dir/C_/Users/merna/.pico-sdk/sdk/2.1.0/lib/lwip/src/core/ipv4/dhcp.c.obj
 .text.dhcp_discover
                0x10009bd4      0x140 CMakeFiles/pico_w_webserver.dir/C_/Users/merna/.pico-sdk/sdk/2.1.0/lib/lwip/src/core/ipv4/dhcp.c.obj
 .text.dhcp_select.isra.0
                0x10009d14      0x1e0 CMakeFiles/pico_w_webserver.dir/C_/Users/merna/.pico-sdk/sdk/2.1.0/lib/lwip/src/core/ipv4/dhcp.c.obj
 .text.dhcp_recv
                0x10009ef4      0x47c CMakeFiles/pico_w_webserver.dir/C_/Users/merna/.pico-sdk/sdk/2.1.0/lib/lwip/src/core/ipv4/dhcp.c.obj
 .text.dhcp_set_struct
                0x1000a370       0x44 CMakeFiles/pico_w_webserver.dir/C_/Users/merna/.pico-sdk/sdk/2.1.0/lib/lwip/src/core/ipv4/dhcp.c.obj
                0x1000a370                dhcp_set_struct
 .text.dhcp_network_changed_link_up
                0x1000a3b4       0x40 CMakeFiles/pico_w_webserver.dir/C_/Users/merna/.pico-sdk/sdk/2.1.0/lib/lwip/src/core/ipv4/dhcp.c.obj
                0x1000a3b4                dhcp_network_changed_link_up
 .text.dhcp_renew
                0x1000a3f4      0x138 CMakeFiles/pico_w_webserver.dir/C_/Users/merna/.pico-sdk/sdk/2.1.0/lib/lwip/src/core/ipv4/dhcp.c.obj
                0x1000a3f4                dhcp_renew
 .text.dhcp_release_and_stop
                0x1000a52c      0x158 CMakeFiles/pico_w_webserver.dir/C_/Users/merna/.pico-sdk/sdk/2.1.0/lib/lwip/src/core/ipv4/dhcp.c.obj
                0x1000a52c                dhcp_release_and_stop
 .text.dhcp_start
                0x1000a684       0xb0 CMakeFiles/pico_w_webserver.dir/C_/Users/merna/.pico-sdk/sdk/2.1.0/lib/lwip/src/core/ipv4/dhcp.c.obj
                0x1000a684                dhcp_start
 .text.dhcp_coarse_tmr
                0x1000a734      0x1d8 CMakeFiles/pico_w_webserver.dir/C_/Users/merna/.pico-sdk/sdk/2.1.0/lib/lwip/src/core/ipv4/dhcp.c.obj
                0x1000a734                dhcp_coarse_tmr
 .text.dhcp_fine_tmr
                0x1000a90c       0x78 CMakeFiles/pico_w_webserver.dir/C_/Users/merna/.pico-sdk/sdk/2.1.0/lib/lwip/src/core/ipv4/dhcp.c.obj
                0x1000a90c                dhcp_fine_tmr
 .text.dhcp_stop
                0x1000a984      0x158 CMakeFiles/pico_w_webserver.dir/C_/Users/merna/.pico-sdk/sdk/2.1.0/lib/lwip/src/core/ipv4/dhcp.c.obj
                0x1000a984                dhcp_stop
 .text.etharp_find_entry
                0x1000aadc      0x3c0 CMakeFiles/pico_w_webserver.dir/C_/Users/merna/.pico-sdk/sdk/2.1.0/lib/lwip/src/core/ipv4/etharp.c.obj
 .text.etharp_raw
                0x1000ae9c       0xec CMakeFiles/pico_w_webserver.dir/C_/Users/merna/.pico-sdk/sdk/2.1.0/lib/lwip/src/core/ipv4/etharp.c.obj
 .text.etharp_output_to_arp_index
                0x1000af88       0xd0 CMakeFiles/pico_w_webserver.dir/C_/Users/merna/.pico-sdk/sdk/2.1.0/lib/lwip/src/core/ipv4/etharp.c.obj
 .text.etharp_tmr
                0x1000b058       0x94 CMakeFiles/pico_w_webserver.dir/C_/Users/merna/.pico-sdk/sdk/2.1.0/lib/lwip/src/core/ipv4/etharp.c.obj
                0x1000b058                etharp_tmr
 .text.etharp_cleanup_netif
                0x1000b0ec      0x188 CMakeFiles/pico_w_webserver.dir/C_/Users/merna/.pico-sdk/sdk/2.1.0/lib/lwip/src/core/ipv4/etharp.c.obj
                0x1000b0ec                etharp_cleanup_netif
 .text.etharp_input
                0x1000b274      0x1b8 CMakeFiles/pico_w_webserver.dir/C_/Users/merna/.pico-sdk/sdk/2.1.0/lib/lwip/src/core/ipv4/etharp.c.obj
                0x1000b274                etharp_input
 .text.etharp_query
                0x1000b42c      0x1b8 CMakeFiles/pico_w_webserver.dir/C_/Users/merna/.pico-sdk/sdk/2.1.0/lib/lwip/src/core/ipv4/etharp.c.obj
                0x1000b42c                etharp_query
 .text.etharp_output
                0x1000b5e4      0x24c CMakeFiles/pico_w_webserver.dir/C_/Users/merna/.pico-sdk/sdk/2.1.0/lib/lwip/src/core/ipv4/etharp.c.obj
                0x1000b5e4                etharp_output
 .text.etharp_request
                0x1000b830       0x2c CMakeFiles/pico_w_webserver.dir/C_/Users/merna/.pico-sdk/sdk/2.1.0/lib/lwip/src/core/ipv4/etharp.c.obj
                0x1000b830                etharp_request
 .text.icmp_input
                0x1000b85c      0x1ec CMakeFiles/pico_w_webserver.dir/C_/Users/merna/.pico-sdk/sdk/2.1.0/lib/lwip/src/core/ipv4/icmp.c.obj
                0x1000b85c                icmp_input
 .text.icmp_dest_unreach
                0x1000ba48       0xcc CMakeFiles/pico_w_webserver.dir/C_/Users/merna/.pico-sdk/sdk/2.1.0/lib/lwip/src/core/ipv4/icmp.c.obj
                0x1000ba48                icmp_dest_unreach
 .text.icmp_time_exceeded
                0x1000bb14       0xcc CMakeFiles/pico_w_webserver.dir/C_/Users/merna/.pico-sdk/sdk/2.1.0/lib/lwip/src/core/ipv4/icmp.c.obj
                0x1000bb14                icmp_time_exceeded
 .text.ip_reass_free_complete_datagram
                0x1000bbe0      0x11c CMakeFiles/pico_w_webserver.dir/C_/Users/merna/.pico-sdk/sdk/2.1.0/lib/lwip/src/core/ipv4/ip4_frag.c.obj
 .text.ip_reass_remove_oldest_datagram
                0x1000bcfc       0xd8 CMakeFiles/pico_w_webserver.dir/C_/Users/merna/.pico-sdk/sdk/2.1.0/lib/lwip/src/core/ipv4/ip4_frag.c.obj
 .text.ip_reass_tmr
                0x1000bdd4       0x30 CMakeFiles/pico_w_webserver.dir/C_/Users/merna/.pico-sdk/sdk/2.1.0/lib/lwip/src/core/ipv4/ip4_frag.c.obj
                0x1000bdd4                ip_reass_tmr
 .text.ip4_reass
                0x1000be04      0x560 CMakeFiles/pico_w_webserver.dir/C_/Users/merna/.pico-sdk/sdk/2.1.0/lib/lwip/src/core/ipv4/ip4_frag.c.obj
                0x1000be04                ip4_reass
 .text.ip4_frag
                0x1000c364      0x254 CMakeFiles/pico_w_webserver.dir/C_/Users/merna/.pico-sdk/sdk/2.1.0/lib/lwip/src/core/ipv4/ip4_frag.c.obj
                0x1000c364                ip4_frag
 .text.ip4_route
                0x1000c5b8       0x7c CMakeFiles/pico_w_webserver.dir/C_/Users/merna/.pico-sdk/sdk/2.1.0/lib/lwip/src/core/ipv4/ip4.c.obj
                0x1000c5b8                ip4_route
 .text.ip4_input
                0x1000c634      0x300 CMakeFiles/pico_w_webserver.dir/C_/Users/merna/.pico-sdk/sdk/2.1.0/lib/lwip/src/core/ipv4/ip4.c.obj
                0x1000c634                ip4_input
 .text.ip4_output_if
                0x1000c934      0x190 CMakeFiles/pico_w_webserver.dir/C_/Users/merna/.pico-sdk/sdk/2.1.0/lib/lwip/src/core/ipv4/ip4.c.obj
                0x1000c934                ip4_output_if
 .text.ip4_output_if_src
                0x1000cac4      0x184 CMakeFiles/pico_w_webserver.dir/C_/Users/merna/.pico-sdk/sdk/2.1.0/lib/lwip/src/core/ipv4/ip4.c.obj
                0x1000cac4                ip4_output_if_src
 .text.ip4_addr_isbroadcast_u32
                0x1000cc48       0x3c CMakeFiles/pico_w_webserver.dir/C_/Users/merna/.pico-sdk/sdk/2.1.0/lib/lwip/src/core/ipv4/ip4_addr.c.obj
                0x1000cc48                ip4_addr_isbroadcast_u32
 .text.ethernet_input
                0x1000cc84       0xd0 CMakeFiles/pico_w_webserver.dir/C_/Users/merna/.pico-sdk/sdk/2.1.0/lib/lwip/src/netif/ethernet.c.obj
                0x1000cc84                ethernet_input
 .text.ethernet_output
                0x1000cd54       0x6c CMakeFiles/pico_w_webserver.dir/C_/Users/merna/.pico-sdk/sdk/2.1.0/lib/lwip/src/netif/ethernet.c.obj
                0x1000cd54                ethernet_output
 .text.cyw43_arch_wifi_connect_bssid_until.part.0
                0x1000cdc0      0x150 CMakeFiles/pico_w_webserver.dir/C_/Users/merna/.pico-sdk/sdk/2.1.0/src/rp2_common/pico_cyw43_arch/cyw43_arch.c.obj
 .text.cyw43_arch_set_async_context
                0x1000cf10        0xc CMakeFiles/pico_w_webserver.dir/C_/Users/merna/.pico-sdk/sdk/2.1.0/src/rp2_common/pico_cyw43_arch/cyw43_arch.c.obj
                0x1000cf10                cyw43_arch_set_async_context
 .text.cyw43_arch_enable_sta_mode
                0x1000cf1c       0x1c CMakeFiles/pico_w_webserver.dir/C_/Users/merna/.pico-sdk/sdk/2.1.0/src/rp2_common/pico_cyw43_arch/cyw43_arch.c.obj
                0x1000cf1c                cyw43_arch_enable_sta_mode
 .text.cyw43_arch_wifi_connect_timeout_ms
                0x1000cf38       0xa0 CMakeFiles/pico_w_webserver.dir/C_/Users/merna/.pico-sdk/sdk/2.1.0/src/rp2_common/pico_cyw43_arch/cyw43_arch.c.obj
                0x1000cf38                cyw43_arch_wifi_connect_timeout_ms
 .text.cyw43_arch_gpio_put
                0x1000cfd8       0x14 CMakeFiles/pico_w_webserver.dir/C_/Users/merna/.pico-sdk/sdk/2.1.0/src/rp2_common/pico_cyw43_arch/cyw43_arch.c.obj
                0x1000cfd8                cyw43_arch_gpio_put
 .text.cyw43_arch_async_context
                0x1000cfec        0xc CMakeFiles/pico_w_webserver.dir/C_/Users/merna/.pico-sdk/sdk/2.1.0/src/rp2_common/pico_cyw43_arch/cyw43_arch.c.obj
                0x1000cfec                cyw43_arch_async_context
 .text.cyw43_arch_poll
                0x1000cff8       0x18 CMakeFiles/pico_w_webserver.dir/C_/Users/merna/.pico-sdk/sdk/2.1.0/src/rp2_common/pico_cyw43_arch/cyw43_arch.c.obj
                0x1000cff8                cyw43_arch_poll
 .text.cyw43_arch_init
                0x1000d010       0x74 CMakeFiles/pico_w_webserver.dir/C_/Users/merna/.pico-sdk/sdk/2.1.0/src/rp2_common/pico_cyw43_arch/cyw43_arch_threadsafe_background.c.obj
                0x1000d010                cyw43_arch_init
 .text.ns_delay.constprop.0
                0x1000d084       0x20 CMakeFiles/pico_w_webserver.dir/C_/Users/merna/.pico-sdk/sdk/2.1.0/src/rp2_common/pico_cyw43_driver/cyw43_bus_pio_spi.c.obj
 .text.cyw43_spi_deinit
                0x1000d0a4       0x6c CMakeFiles/pico_w_webserver.dir/C_/Users/merna/.pico-sdk/sdk/2.1.0/src/rp2_common/pico_cyw43_driver/cyw43_bus_pio_spi.c.obj
                0x1000d0a4                cyw43_spi_deinit
 .text.cyw43_spi_init
                0x1000d110      0x128 CMakeFiles/pico_w_webserver.dir/C_/Users/merna/.pico-sdk/sdk/2.1.0/src/rp2_common/pico_cyw43_driver/cyw43_bus_pio_spi.c.obj
                0x1000d110                cyw43_spi_init
 .text.cyw43_spi_transfer
                0x1000d238      0x408 CMakeFiles/pico_w_webserver.dir/C_/Users/merna/.pico-sdk/sdk/2.1.0/src/rp2_common/pico_cyw43_driver/cyw43_bus_pio_spi.c.obj
                0x1000d238                cyw43_spi_transfer
 .text.cyw43_spi_gpio_setup
                0x1000d640       0x3c CMakeFiles/pico_w_webserver.dir/C_/Users/merna/.pico-sdk/sdk/2.1.0/src/rp2_common/pico_cyw43_driver/cyw43_bus_pio_spi.c.obj
                0x1000d640                cyw43_spi_gpio_setup
 .text.cyw43_spi_reset
                0x1000d67c       0x28 CMakeFiles/pico_w_webserver.dir/C_/Users/merna/.pico-sdk/sdk/2.1.0/src/rp2_common/pico_cyw43_driver/cyw43_bus_pio_spi.c.obj
                0x1000d67c                cyw43_spi_reset
 .text.read_reg_u32_swap
                0x1000d6a4       0x3c CMakeFiles/pico_w_webserver.dir/C_/Users/merna/.pico-sdk/sdk/2.1.0/src/rp2_common/pico_cyw43_driver/cyw43_bus_pio_spi.c.obj
                0x1000d6a4                read_reg_u32_swap
 .text.cyw43_read_reg_u32
                0x1000d6e0       0x50 CMakeFiles/pico_w_webserver.dir/C_/Users/merna/.pico-sdk/sdk/2.1.0/src/rp2_common/pico_cyw43_driver/cyw43_bus_pio_spi.c.obj
                0x1000d6e0                cyw43_read_reg_u32
 .text.cyw43_read_reg_u16
                0x1000d730       0x50 CMakeFiles/pico_w_webserver.dir/C_/Users/merna/.pico-sdk/sdk/2.1.0/src/rp2_common/pico_cyw43_driver/cyw43_bus_pio_spi.c.obj
                0x1000d730                cyw43_read_reg_u16
 .text.cyw43_read_reg_u8
                0x1000d780       0x50 CMakeFiles/pico_w_webserver.dir/C_/Users/merna/.pico-sdk/sdk/2.1.0/src/rp2_common/pico_cyw43_driver/cyw43_bus_pio_spi.c.obj
                0x1000d780                cyw43_read_reg_u8
 .text.write_reg_u32_swap
                0x1000d7d0      0x1fc CMakeFiles/pico_w_webserver.dir/C_/Users/merna/.pico-sdk/sdk/2.1.0/src/rp2_common/pico_cyw43_driver/cyw43_bus_pio_spi.c.obj
                0x1000d7d0                write_reg_u32_swap
 .text.cyw43_write_reg_u32
                0x1000d9cc      0x21c CMakeFiles/pico_w_webserver.dir/C_/Users/merna/.pico-sdk/sdk/2.1.0/src/rp2_common/pico_cyw43_driver/cyw43_bus_pio_spi.c.obj
                0x1000d9cc                cyw43_write_reg_u32
 .text.cyw43_write_reg_u16
                0x1000dbe8      0x21c CMakeFiles/pico_w_webserver.dir/C_/Users/merna/.pico-sdk/sdk/2.1.0/src/rp2_common/pico_cyw43_driver/cyw43_bus_pio_spi.c.obj
                0x1000dbe8                cyw43_write_reg_u16
 .text.cyw43_write_reg_u8
                0x1000de04      0x21c CMakeFiles/pico_w_webserver.dir/C_/Users/merna/.pico-sdk/sdk/2.1.0/src/rp2_common/pico_cyw43_driver/cyw43_bus_pio_spi.c.obj
                0x1000de04                cyw43_write_reg_u8
 .text.cyw43_read_bytes
                0x1000e020       0x78 CMakeFiles/pico_w_webserver.dir/C_/Users/merna/.pico-sdk/sdk/2.1.0/src/rp2_common/pico_cyw43_driver/cyw43_bus_pio_spi.c.obj
                0x1000e020                cyw43_read_bytes
 .text.cyw43_write_bytes
                0x1000e098       0xc0 CMakeFiles/pico_w_webserver.dir/C_/Users/merna/.pico-sdk/sdk/2.1.0/src/rp2_common/pico_cyw43_driver/cyw43_bus_pio_spi.c.obj
                0x1000e098                cyw43_write_bytes
 .text.cyw43_set_backplane_window
                0x1000e158       0x68 CMakeFiles/pico_w_webserver.dir/C_/Users/merna/.pico-sdk/sdk/2.1.0/lib/cyw43-driver/src/cyw43_ll.c.obj
 .text.cyw43_ll_parse_async_event
                0x1000e1c0      0x134 CMakeFiles/pico_w_webserver.dir/C_/Users/merna/.pico-sdk/sdk/2.1.0/lib/cyw43-driver/src/cyw43_ll.c.obj
 .text.cyw43_kso_set
                0x1000e2f4       0x80 CMakeFiles/pico_w_webserver.dir/C_/Users/merna/.pico-sdk/sdk/2.1.0/lib/cyw43-driver/src/cyw43_ll.c.obj
 .text.cyw43_ll_sdpcm_poll_device
                0x1000e374      0x238 CMakeFiles/pico_w_webserver.dir/C_/Users/merna/.pico-sdk/sdk/2.1.0/lib/cyw43-driver/src/cyw43_ll.c.obj
 .text.cyw43_sdpcm_send_common
                0x1000e5ac       0xfc CMakeFiles/pico_w_webserver.dir/C_/Users/merna/.pico-sdk/sdk/2.1.0/lib/cyw43-driver/src/cyw43_ll.c.obj
 .text.cyw43_do_ioctl.part.0
                0x1000e6a8       0xc4 CMakeFiles/pico_w_webserver.dir/C_/Users/merna/.pico-sdk/sdk/2.1.0/lib/cyw43-driver/src/cyw43_ll.c.obj
 .text.cyw43_download_resource
                0x1000e76c       0xd0 CMakeFiles/pico_w_webserver.dir/C_/Users/merna/.pico-sdk/sdk/2.1.0/lib/cyw43-driver/src/cyw43_ll.c.obj
 .text.cyw43_write_iovar_u32.constprop.0
                0x1000e83c       0x98 CMakeFiles/pico_w_webserver.dir/C_/Users/merna/.pico-sdk/sdk/2.1.0/lib/cyw43-driver/src/cyw43_ll.c.obj
 .text.cyw43_write_iovar_n
                0x1000e8d4       0x8c CMakeFiles/pico_w_webserver.dir/C_/Users/merna/.pico-sdk/sdk/2.1.0/lib/cyw43-driver/src/cyw43_ll.c.obj
 .text.cyw43_write_iovar_u32_u32.constprop.0
                0x1000e960       0xac CMakeFiles/pico_w_webserver.dir/C_/Users/merna/.pico-sdk/sdk/2.1.0/lib/cyw43-driver/src/cyw43_ll.c.obj
 .text.cyw43_read_backplane.constprop.0
                0x1000ea0c       0xe4 CMakeFiles/pico_w_webserver.dir/C_/Users/merna/.pico-sdk/sdk/2.1.0/lib/cyw43-driver/src/cyw43_ll.c.obj
 .text.cyw43_write_backplane
                0x1000eaf0      0x10c CMakeFiles/pico_w_webserver.dir/C_/Users/merna/.pico-sdk/sdk/2.1.0/lib/cyw43-driver/src/cyw43_ll.c.obj
 .text.reset_device_core.constprop.0
                0x1000ebfc      0x410 CMakeFiles/pico_w_webserver.dir/C_/Users/merna/.pico-sdk/sdk/2.1.0/lib/cyw43-driver/src/cyw43_ll.c.obj
 .text.cyw43_ll_init
                0x1000f00c       0x1c CMakeFiles/pico_w_webserver.dir/C_/Users/merna/.pico-sdk/sdk/2.1.0/lib/cyw43-driver/src/cyw43_ll.c.obj
                0x1000f00c                cyw43_ll_init
 .text.cyw43_ll_deinit
                0x1000f028        0x8 CMakeFiles/pico_w_webserver.dir/C_/Users/merna/.pico-sdk/sdk/2.1.0/lib/cyw43-driver/src/cyw43_ll.c.obj
                0x1000f028                cyw43_ll_deinit
 .text.cyw43_ll_send_ethernet
                0x1000f030       0x60 CMakeFiles/pico_w_webserver.dir/C_/Users/merna/.pico-sdk/sdk/2.1.0/lib/cyw43-driver/src/cyw43_ll.c.obj
                0x1000f030                cyw43_ll_send_ethernet
 .text.cyw43_ll_process_packets
                0x1000f090       0x54 CMakeFiles/pico_w_webserver.dir/C_/Users/merna/.pico-sdk/sdk/2.1.0/lib/cyw43-driver/src/cyw43_ll.c.obj
                0x1000f090                cyw43_ll_process_packets
 .text.cyw43_ll_ioctl
                0x1000f0e4       0x80 CMakeFiles/pico_w_webserver.dir/C_/Users/merna/.pico-sdk/sdk/2.1.0/lib/cyw43-driver/src/cyw43_ll.c.obj
                0x1000f0e4                cyw43_ll_ioctl
 .text.cyw43_ll_bus_sleep
                0x1000f164       0x34 CMakeFiles/pico_w_webserver.dir/C_/Users/merna/.pico-sdk/sdk/2.1.0/lib/cyw43-driver/src/cyw43_ll.c.obj
                0x1000f164                cyw43_ll_bus_sleep
 .text.cyw43_ll_wifi_on
                0x1000f198      0x1f8 CMakeFiles/pico_w_webserver.dir/C_/Users/merna/.pico-sdk/sdk/2.1.0/lib/cyw43-driver/src/cyw43_ll.c.obj
                0x1000f198                cyw43_ll_wifi_on
 .text.cyw43_ll_wifi_get_mac
                0x1000f390       0x74 CMakeFiles/pico_w_webserver.dir/C_/Users/merna/.pico-sdk/sdk/2.1.0/lib/cyw43-driver/src/cyw43_ll.c.obj
                0x1000f390                cyw43_ll_wifi_get_mac
 .text.cyw43_ll_bus_init
                0x1000f404      0x920 CMakeFiles/pico_w_webserver.dir/C_/Users/merna/.pico-sdk/sdk/2.1.0/lib/cyw43-driver/src/cyw43_ll.c.obj
                0x1000f404                cyw43_ll_bus_init
 .text.cyw43_ll_wifi_pm
                0x1000fd24      0x11c CMakeFiles/pico_w_webserver.dir/C_/Users/merna/.pico-sdk/sdk/2.1.0/lib/cyw43-driver/src/cyw43_ll.c.obj
                0x1000fd24                cyw43_ll_wifi_pm
 .text.cyw43_ll_wifi_join
                0x1000fe40      0x4bc CMakeFiles/pico_w_webserver.dir/C_/Users/merna/.pico-sdk/sdk/2.1.0/lib/cyw43-driver/src/cyw43_ll.c.obj
                0x1000fe40                cyw43_ll_wifi_join
 .text.cyw43_ll_wifi_set_wpa_auth
                0x100102fc       0x4c CMakeFiles/pico_w_webserver.dir/C_/Users/merna/.pico-sdk/sdk/2.1.0/lib/cyw43-driver/src/cyw43_ll.c.obj
                0x100102fc                cyw43_ll_wifi_set_wpa_auth
 .text.cyw43_ll_wifi_rejoin
                0x10010348       0x58 CMakeFiles/pico_w_webserver.dir/C_/Users/merna/.pico-sdk/sdk/2.1.0/lib/cyw43-driver/src/cyw43_ll.c.obj
                0x10010348                cyw43_ll_wifi_rejoin
 .text.cyw43_ll_wifi_ap_init
                0x100103a0      0x4dc CMakeFiles/pico_w_webserver.dir/C_/Users/merna/.pico-sdk/sdk/2.1.0/lib/cyw43-driver/src/cyw43_ll.c.obj
                0x100103a0                cyw43_ll_wifi_ap_init
 .text.cyw43_ll_wifi_ap_set_up
                0x1001087c       0x74 CMakeFiles/pico_w_webserver.dir/C_/Users/merna/.pico-sdk/sdk/2.1.0/lib/cyw43-driver/src/cyw43_ll.c.obj
                0x1001087c                cyw43_ll_wifi_ap_set_up
 .text.cyw43_ll_gpio_set
                0x100108f0       0x94 CMakeFiles/pico_w_webserver.dir/C_/Users/merna/.pico-sdk/sdk/2.1.0/lib/cyw43-driver/src/cyw43_ll.c.obj
                0x100108f0                cyw43_ll_gpio_set
 .text.cyw43_ll_has_work
                0x10010984       0x14 CMakeFiles/pico_w_webserver.dir/C_/Users/merna/.pico-sdk/sdk/2.1.0/lib/cyw43-driver/src/cyw43_ll.c.obj
                0x10010984                cyw43_ll_has_work
 .text.cyw43_netif_init
                0x10010998       0x3c CMakeFiles/pico_w_webserver.dir/C_/Users/merna/.pico-sdk/sdk/2.1.0/lib/cyw43-driver/src/cyw43_lwip.c.obj
 .text.cyw43_netif_output
                0x100109d4       0x34 CMakeFiles/pico_w_webserver.dir/C_/Users/merna/.pico-sdk/sdk/2.1.0/lib/cyw43-driver/src/cyw43_lwip.c.obj
 .text.cyw43_cb_tcpip_init
                0x10010a08       0xf0 CMakeFiles/pico_w_webserver.dir/C_/Users/merna/.pico-sdk/sdk/2.1.0/lib/cyw43-driver/src/cyw43_lwip.c.obj
                0x10010a08                cyw43_cb_tcpip_init
 .text.cyw43_cb_tcpip_deinit
                0x10010af8       0x4c CMakeFiles/pico_w_webserver.dir/C_/Users/merna/.pico-sdk/sdk/2.1.0/lib/cyw43-driver/src/cyw43_lwip.c.obj
                0x10010af8                cyw43_cb_tcpip_deinit
 .text.cyw43_cb_process_ethernet
                0x10010b44       0x6c CMakeFiles/pico_w_webserver.dir/C_/Users/merna/.pico-sdk/sdk/2.1.0/lib/cyw43-driver/src/cyw43_lwip.c.obj
                0x10010b44                cyw43_cb_process_ethernet
 .text.cyw43_cb_tcpip_set_link_up
                0x10010bb0       0x18 CMakeFiles/pico_w_webserver.dir/C_/Users/merna/.pico-sdk/sdk/2.1.0/lib/cyw43-driver/src/cyw43_lwip.c.obj
                0x10010bb0                cyw43_cb_tcpip_set_link_up
 .text.cyw43_cb_tcpip_set_link_down
                0x10010bc8       0x18 CMakeFiles/pico_w_webserver.dir/C_/Users/merna/.pico-sdk/sdk/2.1.0/lib/cyw43-driver/src/cyw43_lwip.c.obj
                0x10010bc8                cyw43_cb_tcpip_set_link_down
 .text.cyw43_tcpip_link_status
                0x10010be0       0x34 CMakeFiles/pico_w_webserver.dir/C_/Users/merna/.pico-sdk/sdk/2.1.0/lib/cyw43-driver/src/cyw43_lwip.c.obj
                0x10010be0                cyw43_tcpip_link_status
 .text.cyw43_poll_func
                0x10010c14       0xc0 CMakeFiles/pico_w_webserver.dir/C_/Users/merna/.pico-sdk/sdk/2.1.0/lib/cyw43-driver/src/cyw43_ctrl.c.obj
 .text.cyw43_init
                0x10010cd4       0x6c CMakeFiles/pico_w_webserver.dir/C_/Users/merna/.pico-sdk/sdk/2.1.0/lib/cyw43-driver/src/cyw43_ctrl.c.obj
                0x10010cd4                cyw43_init
 .text.cyw43_deinit
                0x10010d40       0x90 CMakeFiles/pico_w_webserver.dir/C_/Users/merna/.pico-sdk/sdk/2.1.0/lib/cyw43-driver/src/cyw43_ctrl.c.obj
                0x10010d40                cyw43_deinit
 .text.cyw43_cb_read_host_interrupt_pin
                0x10010dd0        0xc CMakeFiles/pico_w_webserver.dir/C_/Users/merna/.pico-sdk/sdk/2.1.0/lib/cyw43-driver/src/cyw43_ctrl.c.obj
                0x10010dd0                cyw43_cb_read_host_interrupt_pin
 .text.cyw43_cb_ensure_awake
                0x10010ddc        0xc CMakeFiles/pico_w_webserver.dir/C_/Users/merna/.pico-sdk/sdk/2.1.0/lib/cyw43-driver/src/cyw43_ctrl.c.obj
                0x10010ddc                cyw43_cb_ensure_awake
 .text.cyw43_cb_process_async_event
                0x10010de8      0x214 CMakeFiles/pico_w_webserver.dir/C_/Users/merna/.pico-sdk/sdk/2.1.0/lib/cyw43-driver/src/cyw43_ctrl.c.obj
                0x10010de8                cyw43_cb_process_async_event
 .text.cyw43_send_ethernet
                0x10010ffc       0xc0 CMakeFiles/pico_w_webserver.dir/C_/Users/merna/.pico-sdk/sdk/2.1.0/lib/cyw43-driver/src/cyw43_ctrl.c.obj
                0x10010ffc                cyw43_send_ethernet
 .text.cyw43_wifi_get_mac
                0x100110bc       0x10 CMakeFiles/pico_w_webserver.dir/C_/Users/merna/.pico-sdk/sdk/2.1.0/lib/cyw43-driver/src/cyw43_ctrl.c.obj
                0x100110bc                cyw43_wifi_get_mac
 .text.cyw43_wifi_set_up
                0x100110cc      0x348 CMakeFiles/pico_w_webserver.dir/C_/Users/merna/.pico-sdk/sdk/2.1.0/lib/cyw43-driver/src/cyw43_ctrl.c.obj
                0x100110cc                cyw43_wifi_set_up
 .text.cyw43_wifi_link_status
                0x10011414       0x40 CMakeFiles/pico_w_webserver.dir/C_/Users/merna/.pico-sdk/sdk/2.1.0/lib/cyw43-driver/src/cyw43_ctrl.c.obj
                0x10011414                cyw43_wifi_link_status
 .text.cyw43_wifi_join
                0x10011454       0xf4 CMakeFiles/pico_w_webserver.dir/C_/Users/merna/.pico-sdk/sdk/2.1.0/lib/cyw43-driver/src/cyw43_ctrl.c.obj
                0x10011454                cyw43_wifi_join
 .text.cyw43_gpio_set
                0x10011548       0xa0 CMakeFiles/pico_w_webserver.dir/C_/Users/merna/.pico-sdk/sdk/2.1.0/lib/cyw43-driver/src/cyw43_ctrl.c.obj
                0x10011548                cyw43_gpio_set
 .text.pio_sm_set_pindirs_with_mask64
                0x100115e8       0xac CMakeFiles/pico_w_webserver.dir/C_/Users/merna/.pico-sdk/sdk/2.1.0/src/rp2_common/hardware_pio/pio.c.obj
                0x100115e8                pio_sm_set_pindirs_with_mask64
 .text.pio_sm_set_consecutive_pindirs
                0x10011694       0xb4 CMakeFiles/pico_w_webserver.dir/C_/Users/merna/.pico-sdk/sdk/2.1.0/src/rp2_common/hardware_pio/pio.c.obj
                0x10011694                pio_sm_set_consecutive_pindirs
 .text.pio_claim_free_sm_and_add_program_for_gpio_range
                0x10011748      0x18c CMakeFiles/pico_w_webserver.dir/C_/Users/merna/.pico-sdk/sdk/2.1.0/src/rp2_common/hardware_pio/pio.c.obj
                0x10011748                pio_claim_free_sm_and_add_program_for_gpio_range
 .text.pio_remove_program_and_unclaim_sm
                0x100118d4       0x40 CMakeFiles/pico_w_webserver.dir/C_/Users/merna/.pico-sdk/sdk/2.1.0/src/rp2_common/hardware_pio/pio.c.obj
                0x100118d4                pio_remove_program_and_unclaim_sm
 .text.dma_channel_unclaim
                0x10011914       0x14 CMakeFiles/pico_w_webserver.dir/C_/Users/merna/.pico-sdk/sdk/2.1.0/src/rp2_common/hardware_dma/dma.c.obj
                0x10011914                dma_channel_unclaim
 .text.dma_claim_unused_channel
                0x10011928       0x24 CMakeFiles/pico_w_webserver.dir/C_/Users/merna/.pico-sdk/sdk/2.1.0/src/rp2_common/hardware_dma/dma.c.obj
                0x10011928                dma_claim_unused_channel
 .text.dma_channel_cleanup
                0x1001194c       0x64 CMakeFiles/pico_w_webserver.dir/C_/Users/merna/.pico-sdk/sdk/2.1.0/src/rp2_common/hardware_dma/dma.c.obj
                0x1001194c                dma_channel_cleanup
 .text.cyw43_sleep_timeout_reached
                0x100119b0       0x10 CMakeFiles/pico_w_webserver.dir/C_/Users/merna/.pico-sdk/sdk/2.1.0/src/rp2_common/pico_cyw43_driver/cyw43_driver.c.obj
 .text.cyw43_irq_init
                0x100119c0       0x28 CMakeFiles/pico_w_webserver.dir/C_/Users/merna/.pico-sdk/sdk/2.1.0/src/rp2_common/pico_cyw43_driver/cyw43_driver.c.obj
                0x100119c0                cyw43_irq_init
 .text.cyw43_irq_deinit
                0x100119e8       0x20 CMakeFiles/pico_w_webserver.dir/C_/Users/merna/.pico-sdk/sdk/2.1.0/src/rp2_common/pico_cyw43_driver/cyw43_driver.c.obj
                0x100119e8                cyw43_irq_deinit
 .text.cyw43_gpio_irq_handler
                0x10011a08       0x44 CMakeFiles/pico_w_webserver.dir/C_/Users/merna/.pico-sdk/sdk/2.1.0/src/rp2_common/pico_cyw43_driver/cyw43_driver.c.obj
 .text.cyw43_do_poll
                0x10011a4c       0x70 CMakeFiles/pico_w_webserver.dir/C_/Users/merna/.pico-sdk/sdk/2.1.0/src/rp2_common/pico_cyw43_driver/cyw43_driver.c.obj
 .text.cyw43_post_poll_hook
                0x10011abc       0x10 CMakeFiles/pico_w_webserver.dir/C_/Users/merna/.pico-sdk/sdk/2.1.0/src/rp2_common/pico_cyw43_driver/cyw43_driver.c.obj
                0x10011abc                cyw43_post_poll_hook
 .text.cyw43_schedule_internal_poll_dispatch
                0x10011acc       0x18 CMakeFiles/pico_w_webserver.dir/C_/Users/merna/.pico-sdk/sdk/2.1.0/src/rp2_common/pico_cyw43_driver/cyw43_driver.c.obj
                0x10011acc                cyw43_schedule_internal_poll_dispatch
 .text.cyw43_driver_init
                0x10011ae4       0x38 CMakeFiles/pico_w_webserver.dir/C_/Users/merna/.pico-sdk/sdk/2.1.0/src/rp2_common/pico_cyw43_driver/cyw43_driver.c.obj
                0x10011ae4                cyw43_driver_init
 .text.cyw43_driver_deinit
                0x10011b1c       0x44 CMakeFiles/pico_w_webserver.dir/C_/Users/merna/.pico-sdk/sdk/2.1.0/src/rp2_common/pico_cyw43_driver/cyw43_driver.c.obj
                0x10011b1c                cyw43_driver_deinit
 .text.cyw43_hal_generate_laa_mac
                0x10011b60       0x28 CMakeFiles/pico_w_webserver.dir/C_/Users/merna/.pico-sdk/sdk/2.1.0/src/rp2_common/pico_cyw43_driver/cyw43_driver.c.obj
                0x10011b60                cyw43_hal_generate_laa_mac
 .text.cyw43_hal_get_mac
                0x10011b88       0x14 CMakeFiles/pico_w_webserver.dir/C_/Users/merna/.pico-sdk/sdk/2.1.0/src/rp2_common/pico_cyw43_driver/cyw43_driver.c.obj
                0x10011b88                cyw43_hal_get_mac
 .text.cyw43_thread_enter
                0x10011b9c       0x14 CMakeFiles/pico_w_webserver.dir/C_/Users/merna/.pico-sdk/sdk/2.1.0/src/rp2_common/pico_cyw43_driver/cyw43_driver.c.obj
                0x10011b9c                cyw43_thread_enter
 .text.cyw43_thread_exit
                0x10011bb0       0x14 CMakeFiles/pico_w_webserver.dir/C_/Users/merna/.pico-sdk/sdk/2.1.0/src/rp2_common/pico_cyw43_driver/cyw43_driver.c.obj
                0x10011bb0                cyw43_thread_exit
 .text.cyw43_await_background_or_timeout_us
                0x10011bc4       0x64 CMakeFiles/pico_w_webserver.dir/C_/Users/merna/.pico-sdk/sdk/2.1.0/src/rp2_common/pico_cyw43_driver/cyw43_driver.c.obj
                0x10011bc4                cyw43_await_background_or_timeout_us
 .text.cyw43_delay_ms
                0x10011c28       0x48 CMakeFiles/pico_w_webserver.dir/C_/Users/merna/.pico-sdk/sdk/2.1.0/src/rp2_common/pico_cyw43_driver/cyw43_driver.c.obj
                0x10011c28                cyw43_delay_ms
 .text.cyw43_delay_us
                0x10011c70       0x34 CMakeFiles/pico_w_webserver.dir/C_/Users/merna/.pico-sdk/sdk/2.1.0/src/rp2_common/pico_cyw43_driver/cyw43_driver.c.obj
                0x10011c70                cyw43_delay_us
 .text.async_context_threadsafe_background_acquire_lock_blocking
                0x10011ca4        0xc CMakeFiles/pico_w_webserver.dir/C_/Users/merna/.pico-sdk/sdk/2.1.0/src/rp2_common/pico_async_context/async_context_threadsafe_background.c.obj
 .text.alarm_handler
                0x10011cb0       0x20 CMakeFiles/pico_w_webserver.dir/C_/Users/merna/.pico-sdk/sdk/2.1.0/src/rp2_common/pico_async_context/async_context_threadsafe_background.c.obj
 .text.async_context_threadsafe_background_set_work_pending
                0x10011cd0       0x1c CMakeFiles/pico_w_webserver.dir/C_/Users/merna/.pico-sdk/sdk/2.1.0/src/rp2_common/pico_async_context/async_context_threadsafe_background.c.obj
 .text.process_under_lock
                0x10011cec       0xcc CMakeFiles/pico_w_webserver.dir/C_/Users/merna/.pico-sdk/sdk/2.1.0/src/rp2_common/pico_async_context/async_context_threadsafe_background.c.obj
 .text.async_context_threadsafe_background_execute_sync
                0x10011db8       0x30 CMakeFiles/pico_w_webserver.dir/C_/Users/merna/.pico-sdk/sdk/2.1.0/src/rp2_common/pico_async_context/async_context_threadsafe_background.c.obj
                0x10011db8                async_context_threadsafe_background_execute_sync
 .text.async_context_threadsafe_background_deinit
                0x10011de8       0x54 CMakeFiles/pico_w_webserver.dir/C_/Users/merna/.pico-sdk/sdk/2.1.0/src/rp2_common/pico_async_context/async_context_threadsafe_background.c.obj
 .text.low_priority_irq_handler
                0x10011e3c       0x3c CMakeFiles/pico_w_webserver.dir/C_/Users/merna/.pico-sdk/sdk/2.1.0/src/rp2_common/pico_async_context/async_context_threadsafe_background.c.obj
 .text.async_context_threadsafe_background_wait_for_work_until
                0x10011e78        0xc CMakeFiles/pico_w_webserver.dir/C_/Users/merna/.pico-sdk/sdk/2.1.0/src/rp2_common/pico_async_context/async_context_threadsafe_background.c.obj
 .text.async_context_threadsafe_background_wait_until
                0x10011e84       0x1c CMakeFiles/pico_w_webserver.dir/C_/Users/merna/.pico-sdk/sdk/2.1.0/src/rp2_common/pico_async_context/async_context_threadsafe_background.c.obj
 .text.async_context_threadsafe_background_lock_check
                0x10011ea0       0x28 CMakeFiles/pico_w_webserver.dir/C_/Users/merna/.pico-sdk/sdk/2.1.0/src/rp2_common/pico_async_context/async_context_threadsafe_background.c.obj
 .text.async_context_threadsafe_background_release_lock
                0x10011ec8       0x1c CMakeFiles/pico_w_webserver.dir/C_/Users/merna/.pico-sdk/sdk/2.1.0/src/rp2_common/pico_async_context/async_context_threadsafe_background.c.obj
 .text.async_context_threadsafe_background_add_at_time_worker
                0x10011ee4       0x34 CMakeFiles/pico_w_webserver.dir/C_/Users/merna/.pico-sdk/sdk/2.1.0/src/rp2_common/pico_async_context/async_context_threadsafe_background.c.obj
 .text.async_context_threadsafe_background_remove_at_time_worker
                0x10011f18       0x34 CMakeFiles/pico_w_webserver.dir/C_/Users/merna/.pico-sdk/sdk/2.1.0/src/rp2_common/pico_async_context/async_context_threadsafe_background.c.obj
 .text.async_context_threadsafe_background_add_when_pending_worker
                0x10011f4c       0x34 CMakeFiles/pico_w_webserver.dir/C_/Users/merna/.pico-sdk/sdk/2.1.0/src/rp2_common/pico_async_context/async_context_threadsafe_background.c.obj
 .text.async_context_threadsafe_background_when_pending_worker
                0x10011f80       0x34 CMakeFiles/pico_w_webserver.dir/C_/Users/merna/.pico-sdk/sdk/2.1.0/src/rp2_common/pico_async_context/async_context_threadsafe_background.c.obj
 .text.async_context_threadsafe_background_default_config
                0x10011fb4        0xc CMakeFiles/pico_w_webserver.dir/C_/Users/merna/.pico-sdk/sdk/2.1.0/src/rp2_common/pico_async_context/async_context_threadsafe_background.c.obj
                0x10011fb4                async_context_threadsafe_background_default_config
 .text.async_context_threadsafe_background_init
                0x10011fc0       0x8c CMakeFiles/pico_w_webserver.dir/C_/Users/merna/.pico-sdk/sdk/2.1.0/src/rp2_common/pico_async_context/async_context_threadsafe_background.c.obj
                0x10011fc0                async_context_threadsafe_background_init
 .text.fs_open  0x1001204c       0x40 CMakeFiles/pico_w_webserver.dir/C_/Users/merna/.pico-sdk/sdk/2.1.0/lib/lwip/src/apps/http/fs.c.obj
                0x1001204c                fs_open
 .text.fs_close
                0x1001208c        0x4 CMakeFiles/pico_w_webserver.dir/C_/Users/merna/.pico-sdk/sdk/2.1.0/lib/lwip/src/apps/http/fs.c.obj
                0x1001208c                fs_close
 .text.fs_bytes_left
                0x10012090        0x8 CMakeFiles/pico_w_webserver.dir/C_/Users/merna/.pico-sdk/sdk/2.1.0/lib/lwip/src/apps/http/fs.c.obj
                0x10012090                fs_bytes_left
 .text.http_accept
                0x10012098       0x74 CMakeFiles/pico_w_webserver.dir/C_/Users/merna/.pico-sdk/sdk/2.1.0/lib/lwip/src/apps/http/httpd.c.obj
 .text.http_close_or_abort_conn.constprop.0.isra.0
                0x1001210c       0x80 CMakeFiles/pico_w_webserver.dir/C_/Users/merna/.pico-sdk/sdk/2.1.0/lib/lwip/src/apps/http/httpd.c.obj
 .text.http_err
                0x1001218c       0x38 CMakeFiles/pico_w_webserver.dir/C_/Users/merna/.pico-sdk/sdk/2.1.0/lib/lwip/src/apps/http/httpd.c.obj
 .text.http_send_data_ssi
                0x100121c4      0x6f0 CMakeFiles/pico_w_webserver.dir/C_/Users/merna/.pico-sdk/sdk/2.1.0/lib/lwip/src/apps/http/httpd.c.obj
 .text.http_send
                0x100128b4      0x10c CMakeFiles/pico_w_webserver.dir/C_/Users/merna/.pico-sdk/sdk/2.1.0/lib/lwip/src/apps/http/httpd.c.obj
 .text.http_poll
                0x100129c0       0x84 CMakeFiles/pico_w_webserver.dir/C_/Users/merna/.pico-sdk/sdk/2.1.0/lib/lwip/src/apps/http/httpd.c.obj
 .text.http_recv
                0x10012a44      0x56c CMakeFiles/pico_w_webserver.dir/C_/Users/merna/.pico-sdk/sdk/2.1.0/lib/lwip/src/apps/http/httpd.c.obj
 .text.http_sent
                0x10012fb0       0xf0 CMakeFiles/pico_w_webserver.dir/C_/Users/merna/.pico-sdk/sdk/2.1.0/lib/lwip/src/apps/http/httpd.c.obj
 .text.httpd_init
                0x100130a0       0x5c CMakeFiles/pico_w_webserver.dir/C_/Users/merna/.pico-sdk/sdk/2.1.0/lib/lwip/src/apps/http/httpd.c.obj
                0x100130a0                httpd_init
 .text.http_set_cgi_handlers
                0x100130fc       0x30 CMakeFiles/pico_w_webserver.dir/C_/Users/merna/.pico-sdk/sdk/2.1.0/lib/lwip/src/apps/http/httpd.c.obj
                0x100130fc                http_set_cgi_handlers
 .text.first_per_core_initializer
                0x1001312c        0x4 CMakeFiles/pico_w_webserver.dir/C_/Users/merna/.pico-sdk/sdk/2.1.0/src/rp2_common/pico_runtime/runtime.c.obj
 .text.hard_assertion_failure
                0x10013130        0xc CMakeFiles/pico_w_webserver.dir/C_/Users/merna/.pico-sdk/sdk/2.1.0/src/rp2_common/pico_runtime/runtime.c.obj
                0x10013130                hard_assertion_failure
 .text.runtime_run_initializers
                0x1001313c       0x28 CMakeFiles/pico_w_webserver.dir/C_/Users/merna/.pico-sdk/sdk/2.1.0/src/rp2_common/pico_runtime/runtime.c.obj
                0x1001313c                runtime_run_initializers
 .text.runtime_init_early_resets
                0x10013164       0x2c CMakeFiles/pico_w_webserver.dir/C_/Users/merna/.pico-sdk/sdk/2.1.0/src/rp2_common/pico_runtime_init/runtime_init.c.obj
                0x10013164                runtime_init_early_resets
 .text.runtime_init_usb_power_down
                0x10013190       0x1c CMakeFiles/pico_w_webserver.dir/C_/Users/merna/.pico-sdk/sdk/2.1.0/src/rp2_common/pico_runtime_init/runtime_init.c.obj
                0x10013190                runtime_init_usb_power_down
 .text.runtime_init_post_clock_resets
                0x100131ac       0x20 CMakeFiles/pico_w_webserver.dir/C_/Users/merna/.pico-sdk/sdk/2.1.0/src/rp2_common/pico_runtime_init/runtime_init.c.obj
                0x100131ac                runtime_init_post_clock_resets
 .text.runtime_init_rp2040_gpio_ie_disable
                0x100131cc       0x14 CMakeFiles/pico_w_webserver.dir/C_/Users/merna/.pico-sdk/sdk/2.1.0/src/rp2_common/pico_runtime_init/runtime_init.c.obj
                0x100131cc                runtime_init_rp2040_gpio_ie_disable
 .text.runtime_init_spin_locks_reset
                0x100131e0        0x8 CMakeFiles/pico_w_webserver.dir/C_/Users/merna/.pico-sdk/sdk/2.1.0/src/rp2_common/pico_runtime_init/runtime_init.c.obj
                0x100131e0                runtime_init_spin_locks_reset
 .text.runtime_init_install_ram_vector_table
                0x100131e8       0x1c CMakeFiles/pico_w_webserver.dir/C_/Users/merna/.pico-sdk/sdk/2.1.0/src/rp2_common/pico_runtime_init/runtime_init.c.obj
                0x100131e8                runtime_init_install_ram_vector_table
 .text.runtime_init_clocks
                0x10013204       0xd8 CMakeFiles/pico_w_webserver.dir/C_/Users/merna/.pico-sdk/sdk/2.1.0/src/rp2_common/pico_runtime_init/runtime_init_clocks.c.obj
                0x10013204                runtime_init_clocks
 .text          0x100132dc       0x10 CMakeFiles/pico_w_webserver.dir/C_/Users/merna/.pico-sdk/sdk/2.1.0/src/rp2_common/pico_bit_ops/bit_ops_aeabi.S.obj
 .text.ctzsi    0x100132ec        0xc CMakeFiles/pico_w_webserver.dir/C_/Users/merna/.pico-sdk/sdk/2.1.0/src/rp2_common/pico_bit_ops/bit_ops_aeabi.S.obj
                0x100132ec                __wrap___ctzsi2
 .text.__wrap___aeabi_idiv
                0x100132f8       0x50 CMakeFiles/pico_w_webserver.dir/C_/Users/merna/.pico-sdk/sdk/2.1.0/src/rp2_common/pico_divider/divider_hardware.S.obj
                0x100132f8                __wrap___aeabi_idivmod
                0x100132f8                divmod_s32s32
                0x100132f8                div_s32s32
                0x100132f8                __wrap___aeabi_idiv
                0x10013300                divmod_s32s32_unsafe
                0x1001332c                divmod_s32s32_savestate
 .text.__wrap___aeabi_uidiv
                0x10013348       0x4c CMakeFiles/pico_w_webserver.dir/C_/Users/merna/.pico-sdk/sdk/2.1.0/src/rp2_common/pico_divider/divider_hardware.S.obj
                0x10013348                __wrap___aeabi_uidiv
                0x10013348                __wrap___aeabi_uidivmod
                0x10013348                div_u32u32
                0x10013348                divmod_u32u32
                0x10013350                divmod_u32u32_unsafe
                0x10013378                divmod_u32u32_savestate
 .text.__wrap___aeabi_ldiv
                0x10013394      0x424 CMakeFiles/pico_w_webserver.dir/C_/Users/merna/.pico-sdk/sdk/2.1.0/src/rp2_common/pico_divider/divider_hardware.S.obj
                0x10013394                div_s64s64
                0x10013394                divmod_s64s64
                0x10013394                __wrap___aeabi_ldivmod
                0x100133c4                divmod_u64u64
                0x100133c4                div_u64u64
                0x100133c4                __wrap___aeabi_uldivmod
                0x100133d4                divmod_u64u64_savestate
                0x100133f4                divmod_s64s64_unsafe
                0x1001347c                divmod_u64u64_unsafe
 .text.__wrap___aeabi_darithmetic
                0x100137b8       0x60 CMakeFiles/pico_w_webserver.dir/C_/Users/merna/.pico-sdk/sdk/2.1.0/src/rp2_common/pico_double/double_aeabi_rp2040.S.obj
                0x100137b8                __wrap___aeabi_drsub
                0x100137be                __wrap___aeabi_dsub
                0x100137c8                __wrap___aeabi_dadd
                0x100137d2                __wrap___aeabi_ddiv
                0x10013806                __wrap___aeabi_dmul